---
source: tests/ui/ui_tests.rs
---
Incompatible types in assignment
tests/ui/errors/type_mismatch/VarDeclarationBooleanToNumeric.java:3:18
        byte b = true;
                 ^

Incompatible types in assignment
tests/ui/errors/type_mismatch/VarDeclarationBooleanToNumeric.java:4:19
        short s = true;
                  ^

Incompatible types in assignment
tests/ui/errors/type_mismatch/VarDeclarationBooleanToNumeric.java:5:17
        int i = true;
                ^

Incompatible types in assignment
tests/ui/errors/type_mismatch/VarDeclarationBooleanToNumeric.java:6:18
        long l = true;
                 ^

Incompatible types in assignment
tests/ui/errors/type_mismatch/VarDeclarationBooleanToNumeric.java:7:18
        char c = true;
                 ^

Incompatible types in assignment
tests/ui/errors/type_mismatch/VarDeclarationBooleanToNumeric.java:8:19
        float f = true;
                  ^

Incompatible types in assignment
tests/ui/errors/type_mismatch/VarDeclarationBooleanToNumeric.java:9:20
        double d = true;
                   ^
