---
source: tests/ui/ui_tests.rs
---
Expected a numeric operand.
Hint: an operand is numeric if it is of a numeric type (i.e. byte, short, int, long, char, float, or double),
or if it is a reference type and can be unboxed to a numeric type (i.e. Byte, Short, Integer, Long, Character, Float, or Double).
tests/ui/errors/type_mismatch/binary_operation/NonNumericBinOp.java:4:17
        int a = false * z;
                ^

Expected a numeric operand.
Hint: an operand is numeric if it is of a numeric type (i.e. byte, short, int, long, char, float, or double),
or if it is a reference type and can be unboxed to a numeric type (i.e. Byte, Short, Integer, Long, Character, Float, or Double).
tests/ui/errors/type_mismatch/binary_operation/NonNumericBinOp.java:4:25
        int a = false * z;
                        ^

Expected a numeric operand.
Hint: an operand is numeric if it is of a numeric type (i.e. byte, short, int, long, char, float, or double),
or if it is a reference type and can be unboxed to a numeric type (i.e. Byte, Short, Integer, Long, Character, Float, or Double).
tests/ui/errors/type_mismatch/binary_operation/NonNumericBinOp.java:5:17
        int b = false / z;
                ^

Expected a numeric operand.
Hint: an operand is numeric if it is of a numeric type (i.e. byte, short, int, long, char, float, or double),
or if it is a reference type and can be unboxed to a numeric type (i.e. Byte, Short, Integer, Long, Character, Float, or Double).
tests/ui/errors/type_mismatch/binary_operation/NonNumericBinOp.java:5:25
        int b = false / z;
                        ^

Expected a numeric operand.
Hint: an operand is numeric if it is of a numeric type (i.e. byte, short, int, long, char, float, or double),
or if it is a reference type and can be unboxed to a numeric type (i.e. Byte, Short, Integer, Long, Character, Float, or Double).
tests/ui/errors/type_mismatch/binary_operation/NonNumericBinOp.java:6:17
        int c = false % z;
                ^

Expected a numeric operand.
Hint: an operand is numeric if it is of a numeric type (i.e. byte, short, int, long, char, float, or double),
or if it is a reference type and can be unboxed to a numeric type (i.e. Byte, Short, Integer, Long, Character, Float, or Double).
tests/ui/errors/type_mismatch/binary_operation/NonNumericBinOp.java:6:25
        int c = false % z;
                        ^

Expected a numeric operand.
Hint: an operand is numeric if it is of a numeric type (i.e. byte, short, int, long, char, float, or double),
or if it is a reference type and can be unboxed to a numeric type (i.e. Byte, Short, Integer, Long, Character, Float, or Double).
tests/ui/errors/type_mismatch/binary_operation/NonNumericBinOp.java:7:17
        int d = false + z;
                ^

Expected a numeric operand.
Hint: an operand is numeric if it is of a numeric type (i.e. byte, short, int, long, char, float, or double),
or if it is a reference type and can be unboxed to a numeric type (i.e. Byte, Short, Integer, Long, Character, Float, or Double).
tests/ui/errors/type_mismatch/binary_operation/NonNumericBinOp.java:7:25
        int d = false + z;
                        ^

Expected a numeric operand.
Hint: an operand is numeric if it is of a numeric type (i.e. byte, short, int, long, char, float, or double),
or if it is a reference type and can be unboxed to a numeric type (i.e. Byte, Short, Integer, Long, Character, Float, or Double).
tests/ui/errors/type_mismatch/binary_operation/NonNumericBinOp.java:8:17
        int e = false - z;
                ^

Expected a numeric operand.
Hint: an operand is numeric if it is of a numeric type (i.e. byte, short, int, long, char, float, or double),
or if it is a reference type and can be unboxed to a numeric type (i.e. Byte, Short, Integer, Long, Character, Float, or Double).
tests/ui/errors/type_mismatch/binary_operation/NonNumericBinOp.java:8:25
        int e = false - z;
                        ^

Expected an integral operand.
Hint: an operand is integral if it is of an integral type (i.e. byte, short, int, long, or char),
or if it is a reference type and can be unboxed to an integral type (i.e. Byte, Short, Integer, Long, or Character).
tests/ui/errors/type_mismatch/binary_operation/NonNumericBinOp.java:9:17
        int f = false << z;
                ^

Expected an integral operand.
Hint: an operand is integral if it is of an integral type (i.e. byte, short, int, long, or char),
or if it is a reference type and can be unboxed to an integral type (i.e. Byte, Short, Integer, Long, or Character).
tests/ui/errors/type_mismatch/binary_operation/NonNumericBinOp.java:9:26
        int f = false << z;
                         ^

Expected an integral operand.
Hint: an operand is integral if it is of an integral type (i.e. byte, short, int, long, or char),
or if it is a reference type and can be unboxed to an integral type (i.e. Byte, Short, Integer, Long, or Character).
tests/ui/errors/type_mismatch/binary_operation/NonNumericBinOp.java:10:17
        int g = false >> z;
                ^

Expected an integral operand.
Hint: an operand is integral if it is of an integral type (i.e. byte, short, int, long, or char),
or if it is a reference type and can be unboxed to an integral type (i.e. Byte, Short, Integer, Long, or Character).
tests/ui/errors/type_mismatch/binary_operation/NonNumericBinOp.java:10:26
        int g = false >> z;
                         ^

Expected an integral operand.
Hint: an operand is integral if it is of an integral type (i.e. byte, short, int, long, or char),
or if it is a reference type and can be unboxed to an integral type (i.e. Byte, Short, Integer, Long, or Character).
tests/ui/errors/type_mismatch/binary_operation/NonNumericBinOp.java:11:17
        int h = false >>> z;
                ^

Expected an integral operand.
Hint: an operand is integral if it is of an integral type (i.e. byte, short, int, long, or char),
or if it is a reference type and can be unboxed to an integral type (i.e. Byte, Short, Integer, Long, or Character).
tests/ui/errors/type_mismatch/binary_operation/NonNumericBinOp.java:11:27
        int h = false >>> z;
                          ^

Expected a numeric operand.
Hint: an operand is numeric if it is of a numeric type (i.e. byte, short, int, long, char, float, or double),
or if it is a reference type and can be unboxed to a numeric type (i.e. Byte, Short, Integer, Long, Character, Float, or Double).
tests/ui/errors/type_mismatch/binary_operation/NonNumericBinOp.java:12:17
        int i = false < z;
                ^

Expected a numeric operand.
Hint: an operand is numeric if it is of a numeric type (i.e. byte, short, int, long, char, float, or double),
or if it is a reference type and can be unboxed to a numeric type (i.e. Byte, Short, Integer, Long, Character, Float, or Double).
tests/ui/errors/type_mismatch/binary_operation/NonNumericBinOp.java:12:25
        int i = false < z;
                        ^

Expected a numeric operand.
Hint: an operand is numeric if it is of a numeric type (i.e. byte, short, int, long, char, float, or double),
or if it is a reference type and can be unboxed to a numeric type (i.e. Byte, Short, Integer, Long, Character, Float, or Double).
tests/ui/errors/type_mismatch/binary_operation/NonNumericBinOp.java:13:17
        int j = false <= z;
                ^

Expected a numeric operand.
Hint: an operand is numeric if it is of a numeric type (i.e. byte, short, int, long, char, float, or double),
or if it is a reference type and can be unboxed to a numeric type (i.e. Byte, Short, Integer, Long, Character, Float, or Double).
tests/ui/errors/type_mismatch/binary_operation/NonNumericBinOp.java:13:26
        int j = false <= z;
                         ^

Expected a numeric operand.
Hint: an operand is numeric if it is of a numeric type (i.e. byte, short, int, long, char, float, or double),
or if it is a reference type and can be unboxed to a numeric type (i.e. Byte, Short, Integer, Long, Character, Float, or Double).
tests/ui/errors/type_mismatch/binary_operation/NonNumericBinOp.java:14:17
        int k = false > z;
                ^

Expected a numeric operand.
Hint: an operand is numeric if it is of a numeric type (i.e. byte, short, int, long, char, float, or double),
or if it is a reference type and can be unboxed to a numeric type (i.e. Byte, Short, Integer, Long, Character, Float, or Double).
tests/ui/errors/type_mismatch/binary_operation/NonNumericBinOp.java:14:25
        int k = false > z;
                        ^

Expected a numeric operand.
Hint: an operand is numeric if it is of a numeric type (i.e. byte, short, int, long, char, float, or double),
or if it is a reference type and can be unboxed to a numeric type (i.e. Byte, Short, Integer, Long, Character, Float, or Double).
tests/ui/errors/type_mismatch/binary_operation/NonNumericBinOp.java:15:17
        int l = false >= z;
                ^

Expected a numeric operand.
Hint: an operand is numeric if it is of a numeric type (i.e. byte, short, int, long, char, float, or double),
or if it is a reference type and can be unboxed to a numeric type (i.e. Byte, Short, Integer, Long, Character, Float, or Double).
tests/ui/errors/type_mismatch/binary_operation/NonNumericBinOp.java:15:26
        int l = false >= z;
                         ^
