---
source: tests/snapshot/snapshot_test.rs
---
At
Interface
Id("MyAnnotation")
LeftBrace
RightBrace
Class
Id("SeparatorsTest")
LeftBrace
Int
LeftBracket
RightBracket
Id("arr")
Assign
New
Int
LeftBracket
IntegerLiteral(10)
RightBracket
Semicolon
Void
Id("test")
LeftParen
RightParen
LeftBrace
LeftParen
RightParen
Semicolon
LeftParen
LeftParen
RightParen
LeftParen
RightParen
RightParen
Semicolon
LeftBrace
RightBrace
LeftBrace
LeftBrace
RightBrace
RightBrace
Int
LeftBracket
RightBracket
LeftBracket
RightBracket
Id("matrix")
Assign
New
Int
LeftBracket
IntegerLiteral(3)
RightBracket
LeftBracket
IntegerLiteral(4)
RightBracket
Semicolon
Id("arr")
LeftBracket
IntegerLiteral(0)
RightBracket
Assign
IntegerLiteral(1)
Semicolon
Int
Id("a")
Assign
IntegerLiteral(0)
Semicolon
Semicolon
Int
Id("x")
Assign
IntegerLiteral(1)
Comma
Id("y")
Assign
IntegerLiteral(2)
Comma
Id("z")
Assign
IntegerLiteral(3)
Semicolon
Id("String")
Id("s")
Assign
StringLiteral("abc")
Dot
Id("toString")
LeftParen
RightParen
Semicolon
Id("methodVarArgs")
LeftParen
IntegerLiteral(1)
Comma
IntegerLiteral(2)
Comma
IntegerLiteral(3)
RightParen
Semicolon
At
Id("MyAnnotation")
Int
Id("annotatedField")
Semicolon
Id("Runnable")
Id("r")
Assign
This
DoubleColon
Id("test")
Semicolon
Int
Id("v")
Assign
Id("arr")
LeftBracket
IntegerLiteral(0)
RightBracket
Semicolon
Id("methodCall")
LeftParen
Id("a")
Comma
Id("b")
Comma
Id("c")
RightParen
Semicolon
Id("methodCall")
LeftParen
LeftParen
Id("a")
RightParen
Comma
LeftParen
Id("b")
RightParen
RightParen
Semicolon
Id("obj")
Dot
Id("method")
LeftParen
RightParen
Dot
Id("field")
Semicolon
Id("obj")
DoubleColon
Id("toString")
Semicolon
LeftParen
LeftParen
LeftParen
Id("a")
RightParen
RightParen
RightParen
Semicolon
Id("arr")
LeftBracket
IntegerLiteral(0)
RightBracket
LeftBracket
IntegerLiteral(1)
RightBracket
LeftBracket
IntegerLiteral(2)
RightBracket
Semicolon
RightBrace
Void
Id("methodCall")
LeftParen
Int
Id("a")
Comma
Int
Id("b")
Comma
Int
Id("c")
RightParen
LeftBrace
RightBrace
Void
Id("methodVarArgs")
LeftParen
Int
Ellipsis
Id("nums")
RightParen
LeftBrace
RightBrace
RightBrace
