---
source: tests/snapshot/snapshot_test.rs
---
Class
Id("BooleanLiteralsOperatorsTest")
LeftBrace
Void
Id("test")
LeftParen
RightParen
LeftBrace
Boolean
Id("t1")
Assign
BooleanLiteral(true)
Semicolon
Boolean
Id("t2")
Assign
BooleanLiteral(false)
Semicolon
Boolean
Id("u1")
Assign
ExclamationMark
BooleanLiteral(true)
Semicolon
Boolean
Id("u2")
Assign
ExclamationMark
BooleanLiteral(false)
Semicolon
Boolean
Id("b1")
Assign
BooleanLiteral(true)
LogicalAnd
BooleanLiteral(false)
Semicolon
Boolean
Id("m1")
Assign
BooleanLiteral(true)
LogicalAnd
BooleanLiteral(false)
Semicolon
Boolean
Id("p1")
Assign
LeftParen
BooleanLiteral(true)
RightParen
Semicolon
Boolean
Id("o1")
Assign
BooleanLiteral(true)
BitwiseXor
BooleanLiteral(false)
Semicolon
If
LeftParen
BooleanLiteral(true)
RightParen
LeftBrace
RightBrace
If
LeftParen
BooleanLiteral(false)
RightParen
LeftBrace
RightBrace
If
LeftParen
BooleanLiteral(true)
LogicalAnd
BooleanLiteral(false)
RightParen
LeftBrace
RightBrace
Boolean
Id("e1")
Assign
BooleanLiteral(true)
LogicalAnd
BooleanLiteral(false)
Semicolon
Boolean
Id("e3")
Assign
LeftParen
BooleanLiteral(false)
LogicalOr
BooleanLiteral(true)
RightParen
Semicolon
Boolean
Id("trueValue")
Assign
BooleanLiteral(false)
Semicolon
Boolean
Id("falseValue")
Assign
BooleanLiteral(true)
Semicolon
Boolean
Id("TRUE")
Assign
BooleanLiteral(false)
Semicolon
Boolean
Id("False")
Assign
BooleanLiteral(true)
Semicolon
Boolean
Id("c1")
Assign
Id("truefalse")
Semicolon
Boolean
Id("c2")
Assign
Id("falsetrue")
Semicolon
Boolean
Id("c3")
Assign
Id("true_false")
Semicolon
Boolean
Id("c4")
Assign
Id("true1")
Semicolon
Boolean
Id("s1")
Assign
BooleanLiteral(true)
Plus
BooleanLiteral(false)
Semicolon
Boolean
Id("s2")
Assign
BooleanLiteral(true)
Minus
BooleanLiteral(false)
Semicolon
RightBrace
RightBrace
