---
source: tests/snapshot/snapshot_test.rs
---
Symbol(Public)
Symbol(Class)
Id("Main")
Symbol(LeftBrace)
Symbol(Public)
Symbol(Static)
Symbol(Void)
Id("main")
Symbol(LeftParen)
Id("String")
Symbol(LeftBracket)
Symbol(RightBracket)
Id("args")
Symbol(RightParen)
Symbol(LeftBrace)
Symbol(Int)
Id("a")
Symbol(Assign)
IntegerLiteral(1)
Symbol(Semicolon)
Symbol(Int)
Id("b")
Symbol(Assign)
IntegerLiteral(2)
Symbol(Plus)
IntegerLiteral(3)
Symbol(Semicolon)
Symbol(Int)
Id("c")
Symbol(Assign)
IntegerLiteral(4)
Symbol(Plus)
IntegerLiteral(5)
Symbol(Semicolon)
Symbol(Int)
Id("d")
Symbol(Assign)
IntegerLiteral(6)
Symbol(Plus)
IntegerLiteral(7)
Symbol(Semicolon)
Symbol(Int)
Id("e")
Symbol(Assign)
IntegerLiteral(8)
Symbol(Semicolon)
Symbol(Int)
Id("f")
Symbol(Assign)
IntegerLiteral(9)
Symbol(Semicolon)
Symbol(Int)
Id("g")
Symbol(Assign)
IntegerLiteral(10)
Symbol(Plus)
IntegerLiteral(11)
Symbol(Semicolon)
Id("String")
Id("s1")
Symbol(Assign)
StringLiteral("This is not a // comment")
Symbol(Semicolon)
Id("String")
Id("s2")
Symbol(Assign)
StringLiteral("This is not a /* comment */ either")
Symbol(Semicolon)
Symbol(Char)
Id("ch")
Symbol(Assign)
CharLiteral('/')
Symbol(Semicolon)
Symbol(Char)
Id("star")
Symbol(Assign)
CharLiteral('*')
Symbol(Semicolon)
Symbol(Int)
Id("h")
Symbol(Assign)
IntegerLiteral(12)
Symbol(Semicolon)
Symbol(Int)
Id("i")
Symbol(Assign)
IntegerLiteral(13)
Symbol(Semicolon)
Symbol(Int)
Id("j")
Symbol(Assign)
IntegerLiteral(14)
Symbol(Semicolon)
Symbol(Int)
Id("k")
Symbol(Assign)
IntegerLiteral(15)
Symbol(Semicolon)
Symbol(Int)
Id("l")
Symbol(Assign)
IntegerLiteral(16)
Symbol(Semicolon)
Symbol(Int)
Id("m")
Symbol(Assign)
IntegerLiteral(17)
Symbol(Semicolon)
Symbol(Int)
Id("n")
Symbol(Assign)
IntegerLiteral(18)
Symbol(Semicolon)
Symbol(Int)
Id("o")
Symbol(Assign)
IntegerLiteral(19)
Symbol(Semicolon)
Symbol(RightBrace)
Symbol(RightBrace)
