---
source: tests/snapshot/snapshot_test.rs
---
Class
Id("OperatorsTest")
LeftBrace
Void
Id("test")
LeftParen
RightParen
LeftBrace
Int
Id("a")
Assign
IntegerLiteral(1)
Comma
Id("b")
Assign
IntegerLiteral(2)
Comma
Id("c")
Assign
IntegerLiteral(3)
Semicolon
Boolean
Id("t")
Assign
BooleanLiteral(true)
Comma
Id("f")
Assign
BooleanLiteral(false)
Semicolon
Id("a")
Assign
Id("b")
Semicolon
Boolean
Id("r1")
Assign
Id("a")
GreaterThan
Id("b")
Semicolon
Boolean
Id("r2")
Assign
Id("a")
LessThan
Id("b")
Semicolon
Boolean
Id("r3")
Assign
Id("a")
GreaterThanOrEquals
Id("b")
Semicolon
Boolean
Id("r4")
Assign
Id("a")
LessThanOrEquals
Id("b")
Semicolon
Boolean
Id("e1")
Assign
Id("a")
Equals
Id("b")
Semicolon
Boolean
Id("e2")
Assign
Id("a")
NotEquals
Id("b")
Semicolon
Boolean
Id("l1")
Assign
Id("t")
LogicalAnd
Id("f")
Semicolon
Boolean
Id("l2")
Assign
Id("t")
LogicalOr
Id("f")
Semicolon
Int
Id("bw1")
Assign
Id("a")
BitwiseAnd
Id("b")
Semicolon
Int
Id("bw2")
Assign
Id("a")
BitwiseOr
Id("b")
Semicolon
Int
Id("bw3")
Assign
Id("a")
BitwiseXor
Id("b")
Semicolon
Int
Id("bw4")
Assign
Tilde
Id("a")
Semicolon
Int
Id("ar1")
Assign
Id("a")
Plus
Id("b")
Semicolon
Int
Id("ar2")
Assign
Id("a")
Minus
Id("b")
Semicolon
Int
Id("ar3")
Assign
Id("a")
Multiply
Id("b")
Semicolon
Int
Id("ar4")
Assign
Id("a")
Divide
Id("b")
Semicolon
Int
Id("ar5")
Assign
Id("a")
Modulo
Id("b")
Semicolon
Int
Id("u1")
Assign
Plus
Id("a")
Semicolon
Int
Id("u2")
Assign
Minus
Id("a")
Semicolon
Int
Id("u3")
Assign
Increment
Id("a")
Semicolon
Int
Id("u4")
Assign
Decrement
Id("a")
Semicolon
Int
Id("u5")
Assign
Id("a")
Increment
Semicolon
Int
Id("u6")
Assign
Id("a")
Decrement
Semicolon
Int
Id("s1")
Assign
Id("a")
LeftShift
IntegerLiteral(1)
Semicolon
Int
Id("s2")
Assign
Id("a")
SignedRightShift
IntegerLiteral(1)
Semicolon
Int
Id("s3")
Assign
Id("a")
UnsignedRightShift
IntegerLiteral(1)
Semicolon
Id("a")
AddAssign
Id("b")
Semicolon
Id("a")
SubAssign
Id("b")
Semicolon
Id("a")
MulAssign
Id("b")
Semicolon
Id("a")
DivAssign
Id("b")
Semicolon
Id("a")
AndAssign
Id("b")
Semicolon
Id("a")
OrAssign
Id("b")
Semicolon
Id("a")
XorAssign
Id("b")
Semicolon
Id("a")
ModAssign
Id("b")
Semicolon
Id("a")
LeftShiftAssign
IntegerLiteral(1)
Semicolon
Id("a")
SignedRightShiftAssign
IntegerLiteral(1)
Semicolon
Id("a")
UnsignedRightShiftAssign
IntegerLiteral(1)
Semicolon
Int
Id("t1")
Assign
Id("t")
QuestionMark
Id("a")
Colon
Id("b")
Semicolon
Id("Runnable")
Id("r")
Assign
LeftParen
RightParen
Arrow
LeftBrace
RightBrace
Semicolon
Int
Id("g1")
Assign
Id("a")
Plus
Id("b")
Multiply
Id("c")
Semicolon
Boolean
Id("g2")
Assign
Id("a")
GreaterThanOrEquals
Id("b")
LogicalAnd
Id("t")
LogicalOr
Id("f")
Semicolon
Int
Id("g3")
Assign
Id("a")
LeftShift
IntegerLiteral(1)
SignedRightShift
IntegerLiteral(2)
UnsignedRightShift
IntegerLiteral(3)
Semicolon
Id("a")
AddAssign
Id("b")
SubAssign
Id("c")
MulAssign
Id("a")
DivAssign
Id("b")
Semicolon
Int
Id("m1")
Assign
Id("a")
UnsignedRightShift
IntegerLiteral(1)
Semicolon
Int
Id("m2")
Assign
Id("a")
UnsignedRightShiftAssign
IntegerLiteral(1)
Semicolon
Int
Id("m3")
Assign
Id("a")
LeftShiftAssign
IntegerLiteral(1)
Semicolon
Int
Id("m4")
Assign
Id("a")
Equals
Id("b")
Semicolon
Int
Id("m5")
Assign
Id("a")
NotEquals
Id("b")
Semicolon
Boolean
Id("m6")
Assign
Id("t")
LogicalAnd
Id("f")
Semicolon
Boolean
Id("m7")
Assign
Id("t")
LogicalOr
Id("f")
Semicolon
Int
Id("x")
Assign
LeftParen
Id("a")
Plus
Id("b")
RightParen
Multiply
Id("c")
Semicolon
Boolean
Id("y")
Assign
LeftParen
Id("a")
LessThan
Id("b")
RightParen
LogicalAnd
LeftParen
Id("b")
GreaterThan
Id("c")
RightParen
LogicalOr
ExclamationMark
Id("t")
Semicolon
Int
Id("z")
Assign
Id("t")
QuestionMark
Id("a")
Colon
Id("b")
Semicolon
RightBrace
RightBrace
