---
source: tests/snapshot/snapshot_test.rs
---
Symbol(Class)
Id("OperatorsTest")
Symbol(LeftBrace)
Symbol(Void)
Id("test")
Symbol(LeftParen)
Symbol(RightParen)
Symbol(LeftBrace)
Symbol(Int)
Id("a")
Symbol(Assign)
IntegerLiteral(1)
Symbol(Comma)
Id("b")
Symbol(Assign)
IntegerLiteral(2)
Symbol(Comma)
Id("c")
Symbol(Assign)
IntegerLiteral(3)
Symbol(Semicolon)
Symbol(Boolean)
Id("t")
Symbol(Assign)
BooleanLiteral(true)
Symbol(Comma)
Id("f")
Symbol(Assign)
BooleanLiteral(false)
Symbol(Semicolon)
Id("a")
Symbol(Assign)
Id("b")
Symbol(Semicolon)
Symbol(Boolean)
Id("r1")
Symbol(Assign)
Id("a")
Symbol(GreaterThan)
Id("b")
Symbol(Semicolon)
Symbol(Boolean)
Id("r2")
Symbol(Assign)
Id("a")
Symbol(LessThan)
Id("b")
Symbol(Semicolon)
Symbol(Boolean)
Id("r3")
Symbol(Assign)
Id("a")
Symbol(GreaterThanOrEquals)
Id("b")
Symbol(Semicolon)
Symbol(Boolean)
Id("r4")
Symbol(Assign)
Id("a")
Symbol(LessThanOrEquals)
Id("b")
Symbol(Semicolon)
Symbol(Boolean)
Id("e1")
Symbol(Assign)
Id("a")
Symbol(Equals)
Id("b")
Symbol(Semicolon)
Symbol(Boolean)
Id("e2")
Symbol(Assign)
Id("a")
Symbol(NotEquals)
Id("b")
Symbol(Semicolon)
Symbol(Boolean)
Id("l1")
Symbol(Assign)
Id("t")
Symbol(LogicalAnd)
Id("f")
Symbol(Semicolon)
Symbol(Boolean)
Id("l2")
Symbol(Assign)
Id("t")
Symbol(LogicalOr)
Id("f")
Symbol(Semicolon)
Symbol(Int)
Id("bw1")
Symbol(Assign)
Id("a")
Symbol(BitwiseAnd)
Id("b")
Symbol(Semicolon)
Symbol(Int)
Id("bw2")
Symbol(Assign)
Id("a")
Symbol(BitwiseOr)
Id("b")
Symbol(Semicolon)
Symbol(Int)
Id("bw3")
Symbol(Assign)
Id("a")
Symbol(BitwiseXor)
Id("b")
Symbol(Semicolon)
Symbol(Int)
Id("bw4")
Symbol(Assign)
Symbol(Tilde)
Id("a")
Symbol(Semicolon)
Symbol(Int)
Id("ar1")
Symbol(Assign)
Id("a")
Symbol(Plus)
Id("b")
Symbol(Semicolon)
Symbol(Int)
Id("ar2")
Symbol(Assign)
Id("a")
Symbol(Minus)
Id("b")
Symbol(Semicolon)
Symbol(Int)
Id("ar3")
Symbol(Assign)
Id("a")
Symbol(Multiply)
Id("b")
Symbol(Semicolon)
Symbol(Int)
Id("ar4")
Symbol(Assign)
Id("a")
Symbol(Divide)
Id("b")
Symbol(Semicolon)
Symbol(Int)
Id("ar5")
Symbol(Assign)
Id("a")
Symbol(Modulo)
Id("b")
Symbol(Semicolon)
Symbol(Int)
Id("u1")
Symbol(Assign)
Symbol(Plus)
Id("a")
Symbol(Semicolon)
Symbol(Int)
Id("u2")
Symbol(Assign)
Symbol(Minus)
Id("a")
Symbol(Semicolon)
Symbol(Int)
Id("u3")
Symbol(Assign)
Symbol(Increment)
Id("a")
Symbol(Semicolon)
Symbol(Int)
Id("u4")
Symbol(Assign)
Symbol(Decrement)
Id("a")
Symbol(Semicolon)
Symbol(Int)
Id("u5")
Symbol(Assign)
Id("a")
Symbol(Increment)
Symbol(Semicolon)
Symbol(Int)
Id("u6")
Symbol(Assign)
Id("a")
Symbol(Decrement)
Symbol(Semicolon)
Symbol(Int)
Id("s1")
Symbol(Assign)
Id("a")
Symbol(LeftShift)
IntegerLiteral(1)
Symbol(Semicolon)
Symbol(Int)
Id("s2")
Symbol(Assign)
Id("a")
Symbol(SignedRightShift)
IntegerLiteral(1)
Symbol(Semicolon)
Symbol(Int)
Id("s3")
Symbol(Assign)
Id("a")
Symbol(UnsignedRightShift)
IntegerLiteral(1)
Symbol(Semicolon)
Id("a")
Symbol(AddAssign)
Id("b")
Symbol(Semicolon)
Id("a")
Symbol(SubAssign)
Id("b")
Symbol(Semicolon)
Id("a")
Symbol(MulAssign)
Id("b")
Symbol(Semicolon)
Id("a")
Symbol(DivAssign)
Id("b")
Symbol(Semicolon)
Id("a")
Symbol(AndAssign)
Id("b")
Symbol(Semicolon)
Id("a")
Symbol(OrAssign)
Id("b")
Symbol(Semicolon)
Id("a")
Symbol(XorAssign)
Id("b")
Symbol(Semicolon)
Id("a")
Symbol(ModAssign)
Id("b")
Symbol(Semicolon)
Id("a")
Symbol(LeftShiftAssign)
IntegerLiteral(1)
Symbol(Semicolon)
Id("a")
Symbol(SignedRightShiftAssign)
IntegerLiteral(1)
Symbol(Semicolon)
Id("a")
Symbol(UnsignedRightShiftAssign)
IntegerLiteral(1)
Symbol(Semicolon)
Symbol(Int)
Id("t1")
Symbol(Assign)
Id("t")
Symbol(QuestionMark)
Id("a")
Symbol(Colon)
Id("b")
Symbol(Semicolon)
Id("Runnable")
Id("r")
Symbol(Assign)
Symbol(LeftParen)
Symbol(RightParen)
Symbol(Arrow)
Symbol(LeftBrace)
Symbol(RightBrace)
Symbol(Semicolon)
Symbol(Int)
Id("g1")
Symbol(Assign)
Id("a")
Symbol(Plus)
Id("b")
Symbol(Multiply)
Id("c")
Symbol(Semicolon)
Symbol(Boolean)
Id("g2")
Symbol(Assign)
Id("a")
Symbol(GreaterThanOrEquals)
Id("b")
Symbol(LogicalAnd)
Id("t")
Symbol(LogicalOr)
Id("f")
Symbol(Semicolon)
Symbol(Int)
Id("g3")
Symbol(Assign)
Id("a")
Symbol(LeftShift)
IntegerLiteral(1)
Symbol(SignedRightShift)
IntegerLiteral(2)
Symbol(UnsignedRightShift)
IntegerLiteral(3)
Symbol(Semicolon)
Id("a")
Symbol(AddAssign)
Id("b")
Symbol(SubAssign)
Id("c")
Symbol(MulAssign)
Id("a")
Symbol(DivAssign)
Id("b")
Symbol(Semicolon)
Symbol(Int)
Id("m1")
Symbol(Assign)
Id("a")
Symbol(UnsignedRightShift)
IntegerLiteral(1)
Symbol(Semicolon)
Symbol(Int)
Id("m2")
Symbol(Assign)
Id("a")
Symbol(UnsignedRightShiftAssign)
IntegerLiteral(1)
Symbol(Semicolon)
Symbol(Int)
Id("m3")
Symbol(Assign)
Id("a")
Symbol(LeftShiftAssign)
IntegerLiteral(1)
Symbol(Semicolon)
Symbol(Int)
Id("m4")
Symbol(Assign)
Id("a")
Symbol(Equals)
Id("b")
Symbol(Semicolon)
Symbol(Int)
Id("m5")
Symbol(Assign)
Id("a")
Symbol(NotEquals)
Id("b")
Symbol(Semicolon)
Symbol(Boolean)
Id("m6")
Symbol(Assign)
Id("t")
Symbol(LogicalAnd)
Id("f")
Symbol(Semicolon)
Symbol(Boolean)
Id("m7")
Symbol(Assign)
Id("t")
Symbol(LogicalOr)
Id("f")
Symbol(Semicolon)
Symbol(Int)
Id("x")
Symbol(Assign)
Symbol(LeftParen)
Id("a")
Symbol(Plus)
Id("b")
Symbol(RightParen)
Symbol(Multiply)
Id("c")
Symbol(Semicolon)
Symbol(Boolean)
Id("y")
Symbol(Assign)
Symbol(LeftParen)
Id("a")
Symbol(LessThan)
Id("b")
Symbol(RightParen)
Symbol(LogicalAnd)
Symbol(LeftParen)
Id("b")
Symbol(GreaterThan)
Id("c")
Symbol(RightParen)
Symbol(LogicalOr)
Symbol(ExclamationMark)
Id("t")
Symbol(Semicolon)
Symbol(Int)
Id("z")
Symbol(Assign)
Id("t")
Symbol(QuestionMark)
Id("a")
Symbol(Colon)
Id("b")
Symbol(Semicolon)
Symbol(RightBrace)
Symbol(RightBrace)
