---
source: tests/snapshot/snapshot_test.rs
---
Class
Id("CharLiteralsTest")
LeftBrace
Void
Id("test")
LeftParen
RightParen
LeftBrace
Char
Id("c1")
Assign
CharLiteral('a')
Semicolon
Char
Id("c2")
Assign
CharLiteral('Z')
Semicolon
Char
Id("c3")
Assign
CharLiteral('0')
Semicolon
Char
Id("c4")
Assign
CharLiteral('$')
Semicolon
Char
Id("c5")
Assign
CharLiteral('_')
Semicolon
RightBrace
RightBrace
