---
source: tests/snapshot/snapshot_test.rs
---
Symbol(Class)
Id("CharLiteralsTest")
Symbol(LeftBrace)
Symbol(Void)
Id("test")
Symbol(LeftParen)
Symbol(RightParen)
Symbol(LeftBrace)
Symbol(Char)
Id("c1")
Symbol(Assign)
CharLiteral('a')
Symbol(Semicolon)
Symbol(Char)
Id("c2")
Symbol(Assign)
CharLiteral('Z')
Symbol(Semicolon)
Symbol(Char)
Id("c3")
Symbol(Assign)
CharLiteral('0')
Symbol(Semicolon)
Symbol(Char)
Id("c4")
Symbol(Assign)
CharLiteral('$')
Symbol(Semicolon)
Symbol(Char)
Id("c5")
Symbol(Assign)
CharLiteral('_')
Symbol(Semicolon)
Symbol(Char)
Id("c6")
Symbol(Assign)
CharLiteral('"')
Symbol(Semicolon)
Symbol(Char)
Id("e1")
Symbol(Assign)
CharLiteral('\n')
Symbol(Semicolon)
Symbol(Char)
Id("e2")
Symbol(Assign)
CharLiteral('\t')
Symbol(Semicolon)
Symbol(Char)
Id("e3")
Symbol(Assign)
CharLiteral('\u{8}')
Symbol(Semicolon)
Symbol(Char)
Id("e4")
Symbol(Assign)
CharLiteral('\r')
Symbol(Semicolon)
Symbol(Char)
Id("e5")
Symbol(Assign)
CharLiteral('\u{c}')
Symbol(Semicolon)
Symbol(Char)
Id("e6")
Symbol(Assign)
CharLiteral('\\')
Symbol(Semicolon)
Symbol(Char)
Id("e7")
Symbol(Assign)
CharLiteral('\'')
Symbol(Semicolon)
Symbol(Char)
Id("e8")
Symbol(Assign)
CharLiteral('"')
Symbol(Semicolon)
Symbol(Char)
Id("o1")
Symbol(Assign)
CharLiteral('\u{4}')
Symbol(Semicolon)
Symbol(Char)
Id("o2")
Symbol(Assign)
CharLiteral('.')
Symbol(Semicolon)
Symbol(Char)
Id("o3")
Symbol(Assign)
CharLiteral('S')
Symbol(Semicolon)
Symbol(RightBrace)
Symbol(RightBrace)
