---
source: tests/snapshot/snapshot_test.rs
---
Symbol(Class)
Id("IntegerLiterals")
Symbol(LeftBrace)
Symbol(Void)
Id("test")
Symbol(LeftParen)
Symbol(RightParen)
Symbol(LeftBrace)
Symbol(Int)
Id("d1")
Symbol(Assign)
IntegerLiteral(0)
Symbol(Semicolon)
Symbol(Int)
Id("d2")
Symbol(Assign)
IntegerLiteral(123)
Symbol(Semicolon)
Symbol(Int)
Id("d3")
Symbol(Assign)
IntegerLiteral(1000000)
Symbol(Semicolon)
Symbol(Int)
Id("d4")
Symbol(Assign)
IntegerLiteral(123)
Symbol(Semicolon)
Symbol(Long)
Id("d5")
Symbol(Assign)
LongLiteral(123)
Symbol(Semicolon)
Symbol(Long)
Id("d6")
Symbol(Assign)
LongLiteral(123)
Symbol(Semicolon)
Symbol(Int)
Id("h1")
Symbol(Assign)
IntegerLiteral(0)
Symbol(Semicolon)
Symbol(Int)
Id("h2")
Symbol(Assign)
IntegerLiteral(26)
Symbol(Semicolon)
Symbol(Int)
Id("h3")
Symbol(Assign)
IntegerLiteral(3735928559)
Symbol(Semicolon)
Symbol(Int)
Id("h4")
Symbol(Assign)
IntegerLiteral(3405691582)
Symbol(Semicolon)
Symbol(Long)
Id("h5")
Symbol(Assign)
LongLiteral(255)
Symbol(Semicolon)
Symbol(Long)
Id("h6")
Symbol(Assign)
LongLiteral(170)
Symbol(Int)
Id("b1")
Symbol(Assign)
IntegerLiteral(0)
Symbol(Semicolon)
Symbol(Int)
Id("b2")
Symbol(Assign)
IntegerLiteral(10)
Symbol(Semicolon)
Symbol(Int)
Id("b3")
Symbol(Assign)
IntegerLiteral(165)
Symbol(Semicolon)
Symbol(Int)
Id("b4")
Symbol(Assign)
IntegerLiteral(10)
Symbol(Semicolon)
Symbol(Long)
Id("b5")
Symbol(Assign)
LongLiteral(15)
Symbol(Semicolon)
Symbol(Long)
Id("b6")
Symbol(Assign)
LongLiteral(0)
Symbol(Semicolon)
Symbol(Int)
Id("o1")
Symbol(Assign)
IntegerLiteral(1)
Symbol(Semicolon)
Symbol(Int)
Id("o2")
Symbol(Assign)
IntegerLiteral(511)
Symbol(Semicolon)
Symbol(Int)
Id("o3")
Symbol(Assign)
IntegerLiteral(7)
Symbol(Semicolon)
Symbol(Int)
Id("o4")
Symbol(Assign)
IntegerLiteral(63)
Symbol(Semicolon)
Symbol(Long)
Id("o5")
Symbol(Assign)
LongLiteral(83)
Symbol(Semicolon)
Symbol(Int)
Id("maxInt")
Symbol(Assign)
IntegerLiteral(2147483647)
Symbol(Semicolon)
Symbol(Long)
Id("maxLong")
Symbol(Assign)
LongLiteral(9223372036854775807)
Symbol(Semicolon)
Symbol(Int)
Id("minInt")
Symbol(Assign)
Symbol(Minus)
IntegerLiteral(2147483648)
Symbol(Semicolon)
Symbol(Long)
Id("minLong")
Symbol(Assign)
Symbol(Minus)
LongLiteral(9223372036854775808)
Symbol(Semicolon)
Symbol(Int)
Id("e12")
Symbol(Assign)
IntegerLiteral(2147483648)
Symbol(Semicolon)
Symbol(Long)
Id("e13")
Symbol(Assign)
LongLiteral(9223372036854775808)
Symbol(Semicolon)
Symbol(Int)
Id("tricky1")
Symbol(Assign)
Symbol(Minus)
IntegerLiteral(2147483648)
Symbol(Semicolon)
Symbol(Long)
Id("tricky2")
Symbol(Assign)
Symbol(Minus)
LongLiteral(9223372036854775808)
Symbol(Semicolon)
Symbol(Int)
Id("mix1")
Symbol(Assign)
IntegerLiteral(1)
Symbol(Plus)
IntegerLiteral(2)
Symbol(Plus)
IntegerLiteral(7)
Symbol(Plus)
IntegerLiteral(9)
Symbol(Semicolon)
Symbol(Int)
Id("mix2")
Symbol(Assign)
IntegerLiteral(123)
Symbol(Plus)
IntegerLiteral(171)
Symbol(Plus)
IntegerLiteral(2)
Symbol(Semicolon)
Symbol(RightBrace)
Symbol(RightBrace)
