---
source: tests/snapshot/snapshot_test.rs
---
Class
Id("IntegerLiterals")
LeftBrace
Void
Id("test")
LeftParen
RightParen
LeftBrace
Int
Id("d1")
Assign
IntegerLiteral(0)
Semicolon
Int
Id("d2")
Assign
IntegerLiteral(123)
Semicolon
Int
Id("d3")
Assign
IntegerLiteral(1000000)
Semicolon
Int
Id("d4")
Assign
IntegerLiteral(123)
Semicolon
Long
Id("d5")
Assign
LongLiteral(123)
Semicolon
Long
Id("d6")
Assign
LongLiteral(123)
Semicolon
Int
Id("h1")
Assign
IntegerLiteral(0)
Semicolon
Int
Id("h2")
Assign
IntegerLiteral(26)
Semicolon
Int
Id("h3")
Assign
IntegerLiteral(3735928559)
Semicolon
Int
Id("h4")
Assign
IntegerLiteral(3405691582)
Semicolon
Long
Id("h5")
Assign
LongLiteral(255)
Semicolon
Long
Id("h6")
Assign
LongLiteral(170)
Int
Id("b1")
Assign
IntegerLiteral(0)
Semicolon
Int
Id("b2")
Assign
IntegerLiteral(10)
Semicolon
Int
Id("b3")
Assign
IntegerLiteral(165)
Semicolon
Int
Id("b4")
Assign
IntegerLiteral(10)
Semicolon
Long
Id("b5")
Assign
LongLiteral(15)
Semicolon
Long
Id("b6")
Assign
LongLiteral(0)
Semicolon
Int
Id("o1")
Assign
IntegerLiteral(1)
Semicolon
Int
Id("o2")
Assign
IntegerLiteral(511)
Semicolon
Int
Id("o3")
Assign
IntegerLiteral(7)
Semicolon
Int
Id("o4")
Assign
IntegerLiteral(63)
Semicolon
Long
Id("o5")
Assign
LongLiteral(83)
Semicolon
Int
Id("maxInt")
Assign
IntegerLiteral(2147483647)
Semicolon
Long
Id("maxLong")
Assign
LongLiteral(9223372036854775807)
Semicolon
Int
Id("minInt")
Assign
Minus
IntegerLiteral(2147483648)
Semicolon
Long
Id("minLong")
Assign
Minus
LongLiteral(9223372036854775808)
Semicolon
Int
Id("e12")
Assign
IntegerLiteral(2147483648)
Semicolon
Long
Id("e13")
Assign
LongLiteral(9223372036854775808)
Semicolon
Int
Id("tricky1")
Assign
Minus
IntegerLiteral(2147483648)
Semicolon
Long
Id("tricky2")
Assign
Minus
LongLiteral(9223372036854775808)
Semicolon
Int
Id("mix1")
Assign
IntegerLiteral(1)
Plus
IntegerLiteral(2)
Plus
IntegerLiteral(7)
Plus
IntegerLiteral(9)
Semicolon
Int
Id("mix2")
Assign
IntegerLiteral(123)
Plus
IntegerLiteral(171)
Plus
IntegerLiteral(2)
Semicolon
RightBrace
RightBrace
