---
source: tests/snapshot/snapshot_test.rs
---
Public
Class
Id("Main")
LeftBrace
Public
Static
Void
Id("main")
LeftParen
Id("String")
LeftBracket
RightBracket
Id("args")
RightParen
LeftBrace
Int
Id("a")
Assign
IntegerLiteral(1)
Semicolon
Int
Id("b")
Assign
IntegerLiteral(2)
Plus
IntegerLiteral(3)
Semicolon
Int
Id("c")
Assign
IntegerLiteral(4)
Plus
IntegerLiteral(5)
Semicolon
Int
Id("d")
Assign
IntegerLiteral(6)
Plus
IntegerLiteral(7)
Semicolon
Int
Id("e")
Assign
IntegerLiteral(8)
Semicolon
Int
Id("f")
Assign
IntegerLiteral(9)
Semicolon
Int
Id("g")
Assign
IntegerLiteral(10)
Plus
IntegerLiteral(11)
Semicolon
Id("String")
Id("s1")
Assign
StringLiteral("This is not a // comment")
Semicolon
Id("String")
Id("s2")
Assign
StringLiteral("This is not a /* comment */ either")
Semicolon
Char
Id("ch")
Assign
CharLiteral('/')
Semicolon
Char
Id("star")
Assign
CharLiteral('*')
Semicolon
Int
Id("h")
Assign
IntegerLiteral(12)
Semicolon
Int
Id("i")
Assign
IntegerLiteral(13)
Semicolon
Int
Id("j")
Assign
IntegerLiteral(14)
Semicolon
Int
Id("k")
Assign
IntegerLiteral(15)
Semicolon
Int
Id("l")
Assign
IntegerLiteral(16)
Semicolon
Int
Id("m")
Assign
IntegerLiteral(17)
Semicolon
Int
Id("n")
Assign
IntegerLiteral(18)
Semicolon
Int
Id("o")
Assign
IntegerLiteral(19)
Semicolon
RightBrace
RightBrace
