---
source: tests/snapshot/snapshot_test.rs
---
Symbol(Class)
Id("BooleanLiteralsOperatorsTest")
Symbol(LeftBrace)
Symbol(Void)
Id("test")
Symbol(LeftParen)
Symbol(RightParen)
Symbol(LeftBrace)
Symbol(Boolean)
Id("t1")
Symbol(Assign)
BooleanLiteral(true)
Symbol(Semicolon)
Symbol(Boolean)
Id("t2")
Symbol(Assign)
BooleanLiteral(false)
Symbol(Semicolon)
Symbol(Boolean)
Id("u1")
Symbol(Assign)
Symbol(ExclamationMark)
BooleanLiteral(true)
Symbol(Semicolon)
Symbol(Boolean)
Id("u2")
Symbol(Assign)
Symbol(ExclamationMark)
BooleanLiteral(false)
Symbol(Semicolon)
Symbol(Boolean)
Id("b1")
Symbol(Assign)
BooleanLiteral(true)
Symbol(LogicalAnd)
BooleanLiteral(false)
Symbol(Semicolon)
Symbol(Boolean)
Id("m1")
Symbol(Assign)
BooleanLiteral(true)
Symbol(LogicalAnd)
BooleanLiteral(false)
Symbol(Semicolon)
Symbol(Boolean)
Id("p1")
Symbol(Assign)
Symbol(LeftParen)
BooleanLiteral(true)
Symbol(RightParen)
Symbol(Semicolon)
Symbol(Boolean)
Id("o1")
Symbol(Assign)
BooleanLiteral(true)
Symbol(BitwiseXor)
BooleanLiteral(false)
Symbol(Semicolon)
Symbol(If)
Symbol(LeftParen)
BooleanLiteral(true)
Symbol(RightParen)
Symbol(LeftBrace)
Symbol(RightBrace)
Symbol(If)
Symbol(LeftParen)
BooleanLiteral(false)
Symbol(RightParen)
Symbol(LeftBrace)
Symbol(RightBrace)
Symbol(If)
Symbol(LeftParen)
BooleanLiteral(true)
Symbol(LogicalAnd)
BooleanLiteral(false)
Symbol(RightParen)
Symbol(LeftBrace)
Symbol(RightBrace)
Symbol(Boolean)
Id("e1")
Symbol(Assign)
BooleanLiteral(true)
Symbol(LogicalAnd)
BooleanLiteral(false)
Symbol(Semicolon)
Symbol(Boolean)
Id("e3")
Symbol(Assign)
Symbol(LeftParen)
BooleanLiteral(false)
Symbol(LogicalOr)
BooleanLiteral(true)
Symbol(RightParen)
Symbol(Semicolon)
Symbol(Boolean)
Id("trueValue")
Symbol(Assign)
BooleanLiteral(false)
Symbol(Semicolon)
Symbol(Boolean)
Id("falseValue")
Symbol(Assign)
BooleanLiteral(true)
Symbol(Semicolon)
Symbol(Boolean)
Id("TRUE")
Symbol(Assign)
BooleanLiteral(false)
Symbol(Semicolon)
Symbol(Boolean)
Id("False")
Symbol(Assign)
BooleanLiteral(true)
Symbol(Semicolon)
Symbol(Boolean)
Id("c1")
Symbol(Assign)
Id("truefalse")
Symbol(Semicolon)
Symbol(Boolean)
Id("c2")
Symbol(Assign)
Id("falsetrue")
Symbol(Semicolon)
Symbol(Boolean)
Id("c3")
Symbol(Assign)
Id("true_false")
Symbol(Semicolon)
Symbol(Boolean)
Id("c4")
Symbol(Assign)
Id("true1")
Symbol(Semicolon)
Symbol(Boolean)
Id("s1")
Symbol(Assign)
BooleanLiteral(true)
Symbol(Plus)
BooleanLiteral(false)
Symbol(Semicolon)
Symbol(Boolean)
Id("s2")
Symbol(Assign)
BooleanLiteral(true)
Symbol(Minus)
BooleanLiteral(false)
Symbol(Semicolon)
Symbol(RightBrace)
Symbol(RightBrace)
