---
source: tests/snapshot/snapshot_test.rs
---
Symbol(Class)
Id("StringLiterals")
Symbol(LeftBrace)
Symbol(Void)
Id("test")
Symbol(LeftParen)
Symbol(RightParen)
Symbol(LeftBrace)
Id("String")
Id("s1")
Symbol(Assign)
StringLiteral("abc")
Symbol(Semicolon)
Id("String")
Id("s2")
Symbol(Assign)
StringLiteral("")
Symbol(Semicolon)
Id("String")
Id("s3")
Symbol(Assign)
StringLiteral("with spaces")
Symbol(Semicolon)
Id("String")
Id("s4")
Symbol(Assign)
StringLiteral("123")
Symbol(Semicolon)
Id("String")
Id("s5")
Symbol(Assign)
StringLiteral(" // this ")
Id("String")
Id("s6")
Symbol(Assign)
StringLiteral(" /* this ")
Id("String")
Id("e1")
Symbol(Assign)
StringLiteral("line\nbreak")
Symbol(Semicolon)
Id("String")
Id("e2")
Symbol(Assign)
StringLiteral("tab\tchar")
Symbol(Semicolon)
Id("String")
Id("e3")
Symbol(Assign)
StringLiteral("backspace\u{8}test")
Symbol(Semicolon)
Id("String")
Id("e4")
Symbol(Assign)
StringLiteral("carriage\rreturn")
Symbol(Semicolon)
Id("String")
Id("e5")
Symbol(Assign)
StringLiteral("formfeed\u{c}here")
Symbol(Semicolon)
Id("String")
Id("e6")
Symbol(Assign)
StringLiteral("quote: \"")
Symbol(Semicolon)
Id("String")
Id("e7")
Symbol(Assign)
StringLiteral("apostrophe: '")
Symbol(Semicolon)
Id("String")
Id("e8")
Symbol(Assign)
StringLiteral("backslash: \\")
Symbol(Semicolon)
Id("String")
Id("o1")
Symbol(Assign)
StringLiteral("\u{7}")
Symbol(Semicolon)
Id("String")
Id("o2")
Symbol(Assign)
StringLiteral("\u{7}9")
Symbol(Semicolon)
Id("String")
Id("o3")
Symbol(Assign)
StringLiteral("S")
Symbol(Semicolon)
Id("String")
Id("o4")
Symbol(Assign)
StringLiteral("\na")
Symbol(Semicolon)
Id("String")
Id("o5")
Symbol(Assign)
StringLiteral("I1")
Symbol(Semicolon)
Id("String")
Id("o6")
Symbol(Assign)
StringLiteral("\0")
Symbol(Semicolon)
Id("String")
Id("o7")
Symbol(Assign)
StringLiteral("\01")
Symbol(Semicolon)
Id("String")
Id("o8")
Symbol(Assign)
StringLiteral("#1")
Symbol(Semicolon)
Id("String")
Id("m2")
Symbol(Assign)
StringLiteral("text with numbers 123 and symbols !@#")
Symbol(Semicolon)
Id("String")
Id("valid")
Symbol(Assign)
StringLiteral("first\nsecond")
Symbol(Semicolon)
Symbol(RightBrace)
Symbol(RightBrace)
