---
source: tests/snapshot/snapshot_test.rs
---
Class
Id("CharLiteralsTest")
LeftBrace
Void
Id("test")
LeftParen
RightParen
LeftBrace
Char
Id("c1")
Assign
CharLiteral('a')
Semicolon
Char
Id("c2")
Assign
CharLiteral('Z')
Semicolon
Char
Id("c3")
Assign
CharLiteral('0')
Semicolon
Char
Id("c4")
Assign
CharLiteral('$')
Semicolon
Char
Id("c5")
Assign
CharLiteral('_')
Semicolon
Char
Id("e1")
Assign
CharLiteral('\n')
Semicolon
Char
Id("e2")
Assign
CharLiteral('\t')
Semicolon
Char
Id("e3")
Assign
CharLiteral('\u{8}')
Semicolon
Char
Id("e4")
Assign
CharLiteral('\r')
Semicolon
Char
Id("e5")
Assign
CharLiteral('\u{c}')
Semicolon
Char
Id("e6")
Assign
CharLiteral('\\')
Semicolon
Char
Id("e7")
Assign
CharLiteral('\'')
Semicolon
Char
Id("e8")
Assign
CharLiteral('"')
Semicolon
Char
Id("o1")
Assign
CharLiteral('\u{4}')
Semicolon
Char
Id("o2")
Assign
CharLiteral('.')
Semicolon
Char
Id("o3")
Assign
CharLiteral('S')
Semicolon
RightBrace
RightBrace
