---
source: tests/snapshot/snapshot_test.rs
---
Symbol(Class)
Id("NullLiteralTest")
Symbol(LeftBrace)
Symbol(Void)
Id("test")
Symbol(LeftParen)
Symbol(RightParen)
Symbol(LeftBrace)
Id("Object")
Id("n1")
Symbol(Assign)
Symbol(NullLiteral)
Symbol(Semicolon)
Id("Object")
Id("n2")
Symbol(Assign)
Symbol(LeftParen)
Symbol(NullLiteral)
Symbol(RightParen)
Symbol(Semicolon)
Symbol(Boolean)
Id("b1")
Symbol(Assign)
Symbol(LeftParen)
Symbol(NullLiteral)
Symbol(Equals)
Symbol(NullLiteral)
Symbol(RightParen)
Symbol(Semicolon)
Symbol(Boolean)
Id("b2")
Symbol(Assign)
Symbol(LeftParen)
Symbol(NullLiteral)
Symbol(NotEquals)
Symbol(NullLiteral)
Symbol(RightParen)
Symbol(Semicolon)
Symbol(Boolean)
Id("o1")
Symbol(Assign)
Symbol(NullLiteral)
Symbol(Equals)
Symbol(NullLiteral)
Symbol(Semicolon)
Symbol(Boolean)
Id("o2")
Symbol(Assign)
Symbol(NullLiteral)
Symbol(NotEquals)
Symbol(NullLiteral)
Symbol(Semicolon)
Id("Object")
Id("p1")
Symbol(Assign)
Symbol(LeftParen)
Symbol(NullLiteral)
Symbol(RightParen)
Symbol(Semicolon)
Symbol(If)
Symbol(LeftParen)
Symbol(NullLiteral)
Symbol(Equals)
Symbol(NullLiteral)
Symbol(RightParen)
Symbol(LeftBrace)
Symbol(RightBrace)
Id("Object")
Id("nullValue")
Symbol(Assign)
Symbol(NullLiteral)
Symbol(Semicolon)
Id("Object")
Id("Null")
Symbol(Assign)
Symbol(NullLiteral)
Symbol(Semicolon)
Id("Object")
Id("NULL")
Symbol(Assign)
Symbol(NullLiteral)
Symbol(Semicolon)
Id("Object")
Id("t1")
Symbol(Assign)
Id("nullnull")
Symbol(Semicolon)
Id("Object")
Id("t2")
Symbol(Assign)
Id("null_1")
Symbol(Semicolon)
Id("Object")
Id("t3")
Symbol(Assign)
Id("null1")
Symbol(Semicolon)
Id("Object")
Id("s1")
Symbol(Assign)
Symbol(NullLiteral)
Symbol(Plus)
Symbol(NullLiteral)
Symbol(Semicolon)
Id("String")
Id("s")
Symbol(Assign)
StringLiteral("null in string")
Symbol(Semicolon)
Symbol(RightBrace)
Symbol(RightBrace)
