---
source: tests/snapshot/snapshot_test.rs
---
Class
Id("NullLiteralTest")
LeftBrace
Void
Id("test")
LeftParen
RightParen
LeftBrace
Id("Object")
Id("n1")
Assign
NullLiteral
Semicolon
Id("Object")
Id("n2")
Assign
LeftParen
NullLiteral
RightParen
Semicolon
Boolean
Id("b1")
Assign
LeftParen
NullLiteral
Equals
NullLiteral
RightParen
Semicolon
Boolean
Id("b2")
Assign
LeftParen
NullLiteral
NotEquals
NullLiteral
RightParen
Semicolon
Boolean
Id("o1")
Assign
NullLiteral
Equals
NullLiteral
Semicolon
Boolean
Id("o2")
Assign
NullLiteral
NotEquals
NullLiteral
Semicolon
Id("Object")
Id("p1")
Assign
LeftParen
NullLiteral
RightParen
Semicolon
If
LeftParen
NullLiteral
Equals
NullLiteral
RightParen
LeftBrace
RightBrace
Id("Object")
Id("nullValue")
Assign
NullLiteral
Semicolon
Id("Object")
Id("Null")
Assign
NullLiteral
Semicolon
Id("Object")
Id("NULL")
Assign
NullLiteral
Semicolon
Id("Object")
Id("t1")
Assign
Id("nullnull")
Semicolon
Id("Object")
Id("t2")
Assign
Id("null_1")
Semicolon
Id("Object")
Id("t3")
Assign
Id("null1")
Semicolon
Id("Object")
Id("s1")
Assign
NullLiteral
Plus
NullLiteral
Semicolon
Id("String")
Id("s")
Assign
StringLiteral("null in string")
Semicolon
RightBrace
RightBrace
