---
source: tests/snapshot/snapshot_test.rs
---
Class
Id("StringLiterals")
LeftBrace
Void
Id("test")
LeftParen
RightParen
LeftBrace
Id("String")
Id("s1")
Assign
StringLiteral("abc")
Semicolon
Id("String")
Id("s2")
Assign
StringLiteral("")
Semicolon
Id("String")
Id("s3")
Assign
StringLiteral("with spaces")
Semicolon
Id("String")
Id("s4")
Assign
StringLiteral("123")
Semicolon
Id("String")
Id("e1")
Assign
StringLiteral("line\nbreak")
Semicolon
Id("String")
Id("e2")
Assign
StringLiteral("tab\tchar")
Semicolon
Id("String")
Id("e3")
Assign
StringLiteral("backspace\u{8}test")
Semicolon
Id("String")
Id("e4")
Assign
StringLiteral("carriage\rreturn")
Semicolon
Id("String")
Id("e5")
Assign
StringLiteral("formfeed\u{c}here")
Semicolon
Id("String")
Id("e6")
Assign
StringLiteral("quote: \"")
Semicolon
Id("String")
Id("e7")
Assign
StringLiteral("apostrophe: '")
Semicolon
Id("String")
Id("e8")
Assign
StringLiteral("backslash: \\")
Semicolon
Id("String")
Id("o1")
Assign
StringLiteral("\u{7}")
Semicolon
Id("String")
Id("o2")
Assign
StringLiteral("\u{7}9")
Semicolon
Id("String")
Id("o3")
Assign
StringLiteral("S")
Semicolon
Id("String")
Id("o4")
Assign
StringLiteral("\na")
Semicolon
Id("String")
Id("o5")
Assign
StringLiteral("I1")
Id("String")
Id("o6")
Assign
StringLiteral("\0")
Semicolon
Id("String")
Id("o7")
Assign
StringLiteral("\01")
Semicolon
Id("String")
Id("m2")
Assign
StringLiteral("text with numbers 123 and symbols !@#")
Semicolon
Id("String")
Id("valid")
Assign
StringLiteral("first\nsecond")
Semicolon
RightBrace
RightBrace
