---
source: tests/snapshot/snapshot_test.rs
---
Symbol(At)
Symbol(Interface)
Id("MyAnnotation")
Symbol(LeftBrace)
Symbol(RightBrace)
Symbol(Class)
Id("SeparatorsTest")
Symbol(LeftBrace)
Symbol(Int)
Symbol(LeftBracket)
Symbol(RightBracket)
Id("arr")
Symbol(Assign)
Symbol(New)
Symbol(Int)
Symbol(LeftBracket)
IntegerLiteral(10)
Symbol(RightBracket)
Symbol(Semicolon)
Symbol(Void)
Id("test")
Symbol(LeftParen)
Symbol(RightParen)
Symbol(LeftBrace)
Symbol(LeftParen)
Symbol(RightParen)
Symbol(Semicolon)
Symbol(LeftParen)
Symbol(LeftParen)
Symbol(RightParen)
Symbol(LeftParen)
Symbol(RightParen)
Symbol(RightParen)
Symbol(Semicolon)
Symbol(LeftBrace)
Symbol(RightBrace)
Symbol(LeftBrace)
Symbol(LeftBrace)
Symbol(RightBrace)
Symbol(RightBrace)
Symbol(Int)
Symbol(LeftBracket)
Symbol(RightBracket)
Symbol(LeftBracket)
Symbol(RightBracket)
Id("matrix")
Symbol(Assign)
Symbol(New)
Symbol(Int)
Symbol(LeftBracket)
IntegerLiteral(3)
Symbol(RightBracket)
Symbol(LeftBracket)
IntegerLiteral(4)
Symbol(RightBracket)
Symbol(Semicolon)
Id("arr")
Symbol(LeftBracket)
IntegerLiteral(0)
Symbol(RightBracket)
Symbol(Assign)
IntegerLiteral(1)
Symbol(Semicolon)
Symbol(Int)
Id("a")
Symbol(Assign)
IntegerLiteral(0)
Symbol(Semicolon)
Symbol(Semicolon)
Symbol(Int)
Id("x")
Symbol(Assign)
IntegerLiteral(1)
Symbol(Comma)
Id("y")
Symbol(Assign)
IntegerLiteral(2)
Symbol(Comma)
Id("z")
Symbol(Assign)
IntegerLiteral(3)
Symbol(Semicolon)
Id("String")
Id("s")
Symbol(Assign)
StringLiteral("abc")
Symbol(Dot)
Id("toString")
Symbol(LeftParen)
Symbol(RightParen)
Symbol(Semicolon)
Id("methodVarArgs")
Symbol(LeftParen)
IntegerLiteral(1)
Symbol(Comma)
IntegerLiteral(2)
Symbol(Comma)
IntegerLiteral(3)
Symbol(RightParen)
Symbol(Semicolon)
Symbol(At)
Id("MyAnnotation")
Symbol(Int)
Id("annotatedField")
Symbol(Semicolon)
Id("Runnable")
Id("r")
Symbol(Assign)
Symbol(This)
Symbol(DoubleColon)
Id("test")
Symbol(Semicolon)
Symbol(Int)
Id("v")
Symbol(Assign)
Id("arr")
Symbol(LeftBracket)
IntegerLiteral(0)
Symbol(RightBracket)
Symbol(Semicolon)
Id("methodCall")
Symbol(LeftParen)
Id("a")
Symbol(Comma)
Id("b")
Symbol(Comma)
Id("c")
Symbol(RightParen)
Symbol(Semicolon)
Id("methodCall")
Symbol(LeftParen)
Symbol(LeftParen)
Id("a")
Symbol(RightParen)
Symbol(Comma)
Symbol(LeftParen)
Id("b")
Symbol(RightParen)
Symbol(RightParen)
Symbol(Semicolon)
Id("obj")
Symbol(Dot)
Id("method")
Symbol(LeftParen)
Symbol(RightParen)
Symbol(Dot)
Id("field")
Symbol(Semicolon)
Id("obj")
Symbol(DoubleColon)
Id("toString")
Symbol(Semicolon)
Symbol(LeftParen)
Symbol(LeftParen)
Symbol(LeftParen)
Id("a")
Symbol(RightParen)
Symbol(RightParen)
Symbol(RightParen)
Symbol(Semicolon)
Id("arr")
Symbol(LeftBracket)
IntegerLiteral(0)
Symbol(RightBracket)
Symbol(LeftBracket)
IntegerLiteral(1)
Symbol(RightBracket)
Symbol(LeftBracket)
IntegerLiteral(2)
Symbol(RightBracket)
Symbol(Semicolon)
Symbol(RightBrace)
Symbol(Void)
Id("methodCall")
Symbol(LeftParen)
Symbol(Int)
Id("a")
Symbol(Comma)
Symbol(Int)
Id("b")
Symbol(Comma)
Symbol(Int)
Id("c")
Symbol(RightParen)
Symbol(LeftBrace)
Symbol(RightBrace)
Symbol(Void)
Id("methodVarArgs")
Symbol(LeftParen)
Symbol(Int)
Symbol(Ellipsis)
Id("nums")
Symbol(RightParen)
Symbol(LeftBrace)
Symbol(RightBrace)
Symbol(RightBrace)
