---
source: tests/snapshot/snapshot_test.rs
---
└──Compilation Unit
    └──Class InstaceCreationExpression []
        └──Method unqualified_class_instance_creation []
            ├──Void
            └──Block
                ├──new String
                ├──new Integer
                │   └──int 5
                ├──new String
                │   └──new String
                │       └──String "abc"
                ├──VariableDeclaration []
                │   ├──String
                │   └──s
                │       └── +
                │           ├──new String
                │           │   └──String "hi"
                │           └──new String
                │               └──String "there"
                └──MethodInvocation
                    ├──method: compareTo
                    ├──target:
                    │   └──new String
                    └──args:
                        └──new String
