---
source: tests/snapshot/snapshot_test.rs
---
└──Compilation Unit
    └──@interface AnnotationInterfaces
        ├──Method x
        │   ├──Type
        │   │   └──int
        │   └──Default
        │       └──int 5
        │   └──;
        ├──Method y
        │   ├──Type
        │   │   └──String
        │   └──;
        ├──Method z
        │   ├──Type
        │   │   └──ArrayType
        │   │       └──Type
        │   │           └──int
        │   └──Default
        │       ├──int 1
        │       └──int 2
        │   └──;
        ├──Method c
        │   ├──Type
        │   │   └──Class
        │   └──;
        ├──Method nested
        │   ├──Type
        │   │   └──Other
        │   └──;
        ├──Method nestedArray
        │   ├──Type
        │   │   └──ArrayType
        │   │       └──Type
        │   │           └──Other
        │   └──Default
        │       └──Annotation
        │           ├──Name
        │           │   └──Other
        │           └──Value
        │               └──int 3
        │   └──;
        ├──Field declaration
        │   ├──Type
        │   │   └──int
        │   └──CONST
        │       └──int 5
        ├──Class InnerClass
        ├──Interface InnerInterface
        └──@interface Other
            └──Method value
                ├──Type
                │   └──int
                └──;
