---
source: tests/snapshot/snapshot_test.rs
---
└──Compilation Unit
    └──Class ForStatements
        ├──Method basic_for
        │   ├──Type
        │   │   └──void
        │   ├──Param a
        │   │   └──Type
        │   │       └──int
        │   ├──Param b
        │   │   └──Type
        │   │       └──int
        │   └──Block
        │       ├──ForStatement
        │       │   ├──Initializer
        │       │   │   └──VariableDeclaration
        │       │   │       ├──Type
        │       │   │       │   └──int
        │       │   │       └──i
        │       │   │           └──int 0
        │       │   ├──Condition
        │       │   │   └── <
        │       │   │       ├──i
        │       │   │       └──int 10
        │       │   ├──Update
        │       │   │   └──PostIncrement
        │       │   │       └──i
        │       │   └──Body
        │       │       └──Assignment +=
        │       │           ├──a
        │       │           └──i
        │       ├──ForStatement
        │       │   ├──Initializer
        │       │   │   └──VariableDeclaration
        │       │   │       ├──Type
        │       │   │       │   └──int
        │       │   │       ├──i
        │       │   │       │   └──int 0
        │       │   │       └──j
        │       │   │           └──int 10
        │       │   ├──Condition
        │       │   │   └── <
        │       │   │       ├──i
        │       │   │       └──j
        │       │   ├──Update
        │       │   │   ├──PostIncrement
        │       │   │   │   └──i
        │       │   │   └──PostDecrement
        │       │   │       └──j
        │       │   └──Body
        │       │       └──BlockStatement
        │       │           ├──IfStatement
        │       │           │   ├──Condition
        │       │           │   │   └── ==
        │       │           │   │       ├──a
        │       │           │   │       └──int 5
        │       │           │   └──if_true
        │       │           │       └──ContinueStatement
        │       │           └──Assignment +=
        │       │               ├──a
        │       │               └── +
        │       │                   ├──i
        │       │                   └──j
        │       ├──ForStatement
        │       │   ├──Initializer
        │       │   ├──Update
        │       │   └──Body
        │       │       └──BreakStatement
        │       ├──ForStatement
        │       │   ├──Initializer
        │       │   ├──Condition
        │       │   │   └── <
        │       │   │       ├──a
        │       │   │       └──int 10
        │       │   ├──Update
        │       │   └──Body
        │       │       └──PostIncrement
        │       │           └──a
        │       ├──LabeledStatement: loop
        │       │   └──ForStatement
        │       │       ├──Initializer
        │       │       │   └──VariableDeclaration
        │       │       │       ├──Type
        │       │       │       │   └──int
        │       │       │       └──i
        │       │       │           └──int 0
        │       │       ├──Update
        │       │       │   └──PostIncrement
        │       │       │       └──i
        │       │       └──Body
        │       │           └──BreakStatement loop
        │       ├──ForStatement
        │       │   ├──Initializer
        │       │   │   └──VariableDeclaration
        │       │   │       ├──Type
        │       │   │       │   └──int
        │       │   │       └──i
        │       │   │           └──int 0
        │       │   ├──Condition
        │       │   │   └── >
        │       │   │       ├──Assignment =
        │       │   │       │   ├──a
        │       │   │       │   └── -
        │       │   │       │       ├──a
        │       │   │       │       └──int 1
        │       │   │       └──int 0
        │       │   ├──Update
        │       │   │   └──PostIncrement
        │       │   │       └──i
        │       │   └──Body
        │       │       └──PostIncrement
        │       │           └──b
        │       ├──VariableDeclaration
        │       │   ├──Type
        │       │   │   └──int
        │       │   └──i
        │       │       └──int 0
        │       ├──ForStatement
        │       │   ├──Initializer
        │       │   │   ├──Assignment =
        │       │   │   │   ├──i
        │       │   │   │   └──int 0
        │       │   │   └──Assignment =
        │       │   │       ├──a
        │       │   │       └──int 1
        │       │   ├──Condition
        │       │   │   └── <
        │       │   │       ├──i
        │       │   │       └──int 10
        │       │   ├──Update
        │       │   │   └──PostIncrement
        │       │   │       └──i
        │       │   └──Body
        │       │       └──Assignment +=
        │       │           ├──a
        │       │           └──i
        │       └──ForStatement
        │           ├──Initializer
        │           │   └──VariableDeclaration
        │           │       ├──Type
        │           │       │   └──int
        │           │       └──x
        │           │           └──int 0
        │           ├──Condition
        │           │   └── <
        │           │       ├──x
        │           │       └──int 3
        │           ├──Update
        │           │   └──PostIncrement
        │           │       └──x
        │           └──Body
        │               └──ForStatement
        │                   ├──Initializer
        │                   │   └──VariableDeclaration
        │                   │       ├──Type
        │                   │       │   └──int
        │                   │       └──y
        │                   │           └──int 0
        │                   ├──Condition
        │                   │   └── <
        │                   │       ├──y
        │                   │       └──int 3
        │                   ├──Update
        │                   │   └──PostIncrement
        │                   │       └──y
        │                   └──Body
        │                       └──Assignment +=
        │                           ├──a
        │                           └── *
        │                               ├──x
        │                               └──y
        └──Method for_each
            ├──Type
            │   └──void
            ├──Param arr
            │   └──Type
            │       └──ArrayType
            │           └──Type
            │               └──int
            └──Block
                ├──VariableDeclaration
                │   ├──Type
                │   │   └──int
                │   └──a
                │       └──int 0
                ├──VariableDeclaration
                │   ├──Type
                │   │   └──int
                │   └──b
                │       └──int 0
                ├──ForEachStatement
                │   ├──Initializer
                │   │   └──VariableDeclaration
                │   │       ├──Type
                │   │       │   └──int
                │   │       └──x
                │   ├──Iterable
                │   │   └──arr
                │   └──Body
                │       └──Assignment +=
                │           ├──a
                │           └──x
                ├──ForEachStatement
                │   ├──Initializer
                │   │   └──VariableDeclaration
                │   │       ├──Type
                │   │       │   └──int
                │   │       └──x
                │   ├──Iterable
                │   │   └──arr
                │   └──Body
                │       └──BlockStatement
                │           ├──Assignment +=
                │           │   ├──a
                │           │   └──x
                │           └──PostIncrement
                │               └──b
                └──ForEachStatement
                    ├──Initializer
                    │   └──VariableDeclaration
                    │       ├──Type
                    │       │   └──String
                    │       └──s
                    ├──Iterable
                    │   └──ArrayCreation
                    │       ├──Type
                    │       │   └──ArrayType
                    │       │       └──Type
                    │       │           └──String
                    │       └──Initialized
                    │           ├──String "a"
                    │           ├──String "b"
                    │           └──String "c"
                    └──Body
                        └──Assignment +=
                            ├──b
                            └──MethodInvocation
                                ├──Target
                                │   └──s
                                └──Name
                                    └──length
