---
source: tests/snapshot/snapshot_test.rs
---
└──Compilation Unit
    └──Class Statements []
        ├──Method assignment_statements->void []
        │   └──Block
        │       ├──Assignment =
        │       │   ├──a
        │       │   └──int 1
        │       ├──Assignment =
        │       │   ├──a
        │       │   └──b
        │       ├──Assignment =
        │       │   ├──a
        │       │   └── +
        │       │       ├──b
        │       │       └──c
        │       ├──Assignment =
        │       │   ├──a
        │       │   └──Assignment =
        │       │       ├──b
        │       │       └──c
        │       ├──Assignment =
        │       │   ├──a
        │       │   └──Assignment =
        │       │       ├──b
        │       │       └──Assignment =
        │       │           ├──c
        │       │           └──d
        │       ├──Assignment =
        │       │   ├──a
        │       │   └── +
        │       │       ├──b
        │       │       └── *
        │       │           ├──c
        │       │           └──d
        │       ├──Assignment =
        │       │   ├──a
        │       │   └── *
        │       │       ├── +
        │       │       │   ├──b
        │       │       │   └──c
        │       │       └──d
        │       ├──Assignment =
        │       │   ├──a
        │       │   └── +
        │       │       ├──Assignment =
        │       │       │   ├──b
        │       │       │   └──c
        │       │       └──d
        │       ├──Assignment =
        │       │   ├──x
        │       │   └──Assignment =
        │       │       ├──a
        │       │       └──ConditionalExpression
        │       │           ├──b
        │       │           ├──c
        │       │           └──d
        │       ├──Assignment =
        │       │   ├──x
        │       │   └──ConditionalExpression
        │       │       ├──Assignment =
        │       │       │   ├──a
        │       │       │   └──b
        │       │       ├──c
        │       │       └──d
        │       ├──Assignment +=
        │       │   ├──a
        │       │   └──b
        │       ├──Assignment -=
        │       │   ├──a
        │       │   └──b
        │       ├──Assignment *=
        │       │   ├──a
        │       │   └──b
        │       ├──Assignment /=
        │       │   ├──a
        │       │   └──b
        │       ├──Assignment %=
        │       │   ├──a
        │       │   └──b
        │       ├──Assignment <<=
        │       │   ├──a
        │       │   └──b
        │       ├──Assignment >>=
        │       │   ├──a
        │       │   └──b
        │       ├──Assignment >>>=
        │       │   ├──a
        │       │   └──b
        │       ├──Assignment &=
        │       │   ├──a
        │       │   └──b
        │       ├──Assignment ^=
        │       │   ├──a
        │       │   └──b
        │       ├──Assignment |=
        │       │   ├──a
        │       │   └──b
        │       ├──Assignment +=
        │       │   ├──a
        │       │   └── +
        │       │       ├──b
        │       │       └── *
        │       │           ├──c
        │       │           └──d
        │       ├──Assignment *=
        │       │   ├──a
        │       │   └── +
        │       │       ├──b
        │       │       └──c
        │       ├──Assignment <<=
        │       │   ├──a
        │       │   └── +
        │       │       ├──b
        │       │       └──int 1
        │       ├──Assignment +=
        │       │   ├──a
        │       │   └──Assignment +=
        │       │       ├──b
        │       │       └──c
        │       ├──Assignment =
        │       │   ├──a
        │       │   └──Assignment +=
        │       │       ├──b
        │       │       └──Assignment =
        │       │           ├──c
        │       │           └──d
        │       ├──Assignment =
        │       │   ├──a
        │       │   └──UnaryMinus
        │       │       └──b
        │       ├──Assignment +=
        │       │   ├──a
        │       │   └──UnaryMinus
        │       │       └──b
        │       ├──Assignment =
        │       │   ├──a
        │       │   └──PreIncrement
        │       │       └──b
        │       └──Assignment =
        │           ├──a
        │           └──PostIncrement
        │               └──b
        ├──Method prefix_operators->void []
        │   └──Block
        │       ├──PreIncrement
        │       │   └──a
        │       ├──PreDecrement
        │       │   └──a
        │       ├──PreIncrement
        │       │   └──a
        │       └──PreDecrement
        │           └──b
        └──Method block_statements->void []
            └──Block
                ├──BlockStatement
                ├──BlockStatement
                │   └──Assignment =
                │       ├──a
                │       └──int 1
                └──BlockStatement
                    ├──Assignment =
                    │   ├──a
                    │   └──int 1
                    ├──BlockStatement
                    │   └──BlockStatement
                    │       └──Assignment =
                    │           ├──b
                    │           └──int 2
                    └──Assignment =
                        ├──c
                        └──int 3
