---
source: tests/snapshot/snapshot_test.rs
---
└──Compilation Unit
    └──Class Expressions [Public]
        ├──Method literal_expressions->void []
        │   └──Block
        │       ├──Assignment
        │       │   ├──x
        │       │   └──int 5
        │       ├──Assignment
        │       │   ├──x
        │       │   └──long 10
        │       ├──Assignment
        │       │   ├──x
        │       │   └──boolean true
        │       ├──Assignment
        │       │   ├──x
        │       │   └──boolean false
        │       ├──Assignment
        │       │   ├──x
        │       │   └──char 'A'
        │       ├──Assignment
        │       │   ├──x
        │       │   └──String "abc"
        │       └──Assignment
        │           ├──x
        │           └──null
        └──Method unary_operators->void []
            └──Block
                ├──Assignment
                │   ├──x
                │   └──PostIncrement
                │       └──x
                ├──Assignment
                │   ├──x
                │   └──PostDecrement
                │       └──x
                ├──Assignment
                │   ├──x
                │   └──BitwiseComplement
                │       └──int 100
                ├──Assignment
                │   ├──x
                │   └──LogicalNot
                │       └──LogicalNot
                │           └──boolean false
                ├──Assignment
                │   ├──x
                │   └──UnaryPlus
                │       └──int 3
                └──Assignment
                    ├──x
                    └──UnaryMinus
                        └──int 3
