---
source: tests/snapshot/snapshot_test.rs
---
└──Compilation Unit
    └──Class InstaceCreationExpression []
        └──Method unqualified_class_instance_creation []
            ├──Type
            │   └──void
            └──Block
                ├──NewInstance
                │   └──Type
                │       └──String
                ├──NewInstance
                │   ├──Type
                │   │   └──Integer
                │   └──int 5
                ├──NewInstance
                │   ├──Type
                │   │   └──String
                │   └──NewInstance
                │       ├──Type
                │       │   └──String
                │       └──String "abc"
                ├──VariableDeclaration []
                │   ├──String
                │   └──s
                │       └── +
                │           ├──NewInstance
                │           │   ├──Type
                │           │   │   └──String
                │           │   └──String "hi"
                │           └──NewInstance
                │               ├──Type
                │               │   └──String
                │               └──String "there"
                └──MethodInvocation
                    ├──method: compareTo
                    ├──target:
                    │   └──NewInstance
                    │       └──Type
                    │           └──String
                    └──args:
                        └──NewInstance
                            └──Type
                                └──String
