---
source: tests/snapshot/snapshot_test.rs
---
└──Compilation Unit
    └──Class Arrays
        ├──Field declaration
        │   ├──Type
        │   │   └──ArrayType
        │   │       └──Type
        │   │           └──int
        │   └──a
        ├──Field declaration
        │   ├──Type
        │   │   └──ArrayType
        │   │       └──Type
        │   │           └──ArrayType
        │   │               └──Type
        │   │                   └──int
        │   └──b
        ├──Field declaration
        │   ├──Type
        │   │   └──ArrayType
        │   │       └──Type
        │   │           └──ArrayType
        │   │               └──Type
        │   │                   └──ArrayType
        │   │                       └──Type
        │   │                           ├──java
        │   │                           ├──lang
        │   │                           └──String
        │   └──t
        ├──Field declaration
        │   ├──Type
        │   │   └──ArrayType
        │   │       └──Type
        │   │           └──int
        │   ├──m
        │   └──n
        └──Method arrayTypes
            ├──Type
            │   └──ArrayType
            │       └──Type
            │           └──ArrayType
            │               └──Type
            │                   └──int
            ├──Param x
            │   └──Type
            │       └──int
            ├──Param y
            │   └──Type
            │       └──ArrayType
            │           └──Type
            │               └──int
            ├──Param z
            │   └──Type
            │       └──ArrayType
            │           └──Type
            │               └──ArrayType
            │                   └──Type
            │                       └──String
            └──Block
                ├──VariableDeclaration
                │   ├──Type
                │   │   └──ArrayType
                │   │       └──Type
                │   │           └──int
                │   └──a
                │       └──ArrayCreation
                │           ├──Type
                │           │   └──int
                │           └──SizedArray
                │               └──int 10
                ├──VariableDeclaration
                │   ├──Type
                │   │   └──ArrayType
                │   │       └──Type
                │   │           └──ArrayType
                │   │               └──Type
                │   │                   └──String
                │   └──b
                │       └──ArrayCreation
                │           ├──Type
                │           │   └──String
                │           └──SizedArray
                │               ├──int 5
                │               └──int 10
                ├──VariableDeclaration
                │   ├──Type
                │   │   └──ArrayType
                │   │       └──Type
                │   │           └──ArrayType
                │   │               └──Type
                │   │                   └──int
                │   └──c
                │       └──ArrayCreation
                │           ├──Type
                │           │   └──ArrayType
                │           │       └──Type
                │           │           └──ArrayType
                │           │               └──Type
                │           │                   └──int
                │           └──Initialized
                │               ├──ArrayInitializer
                │               │   ├──int 1
                │               │   └──int 2
                │               ├──ArrayInitializer
                │               └──ArrayCreation
                │                   ├──Type
                │                   │   └──ArrayType
                │                   │       └──Type
                │                   │           └──int
                │                   └──Initialized
                ├──VariableDeclaration
                │   ├──Type
                │   │   └──ArrayType
                │   │       └──Type
                │   │           └──ArrayType
                │   │               └──Type
                │   │                   └──int
                │   └──d
                │       └──ArrayCreation
                │           ├──Type
                │           │   └──int
                │           ├──SizedArray
                │           │   └──int 3
                │           └──UnsizedDimensions: 1
                ├──VariableDeclaration
                │   ├──Type
                │   │   └──ArrayType
                │   │       └──Type
                │   │           └──int
                │   └──e
                │       └──ArrayInitializer
                │           └──int 1
                └──ReturnStatement
                    └──null
