---
source: tests/snapshot/snapshot_test.rs
---
└──Compilation Unit
    └──Class TryCatchStatements
        ├──Method basic_try_catch
        │   ├──Type
        │   │   └──void
        │   └──Block
        │       └──TryStatement
        │           ├──TryBlock
        │           │   └──VariableDeclaration
        │           │       ├──Type
        │           │       │   └──int
        │           │       └──x
        │           │           └── /
        │           │               ├──int 1
        │           │               └──int 0
        │           └──ExceptionHandlers
        │               └──CatchClause
        │                   ├──e
        │                   ├──CatchType
        │                   │   └──Type
        │                   │       └──ArithmeticException
        │                   └──MethodInvocation
        │                       ├──method: getMessage
        │                       └──target:
        │                           └──e
        ├──Method multiple_catch
        │   ├──Type
        │   │   └──void
        │   └──Block
        │       └──TryStatement
        │           ├──TryBlock
        │           │   └──MethodInvocation
        │           │       ├──method: parseInt
        │           │       ├──target:
        │           │       │   └──Integer
        │           │       └──args:
        │           │           └──String "abc"
        │           └──ExceptionHandlers
        │               ├──CatchClause
        │               │   ├──e
        │               │   ├──CatchType
        │               │   │   └──Type
        │               │   │       └──NumberFormatException
        │               │   └──MethodInvocation
        │               │       ├──method: getMessage
        │               │       └──target:
        │               │           └──e
        │               └──CatchClause
        │                   ├──e
        │                   ├──CatchType
        │                   │   └──Type
        │                   │       └──Exception
        │                   └──MethodInvocation
        │                       ├──method: getMessage
        │                       └──target:
        │                           └──e
        ├──Method union_catch
        │   ├──Type
        │   │   └──void
        │   └──Block
        │       └──TryStatement
        │           ├──TryBlock
        │           │   └──MethodInvocation
        │           │       ├──method: parseInt
        │           │       ├──target:
        │           │       │   └──Integer
        │           │       └──args:
        │           │           └──String "abc"
        │           └──ExceptionHandlers
        │               └──CatchClause
        │                   ├──e
        │                   ├──CatchType
        │                   │   ├──Type
        │                   │   │   └──NumberFormatException
        │                   │   └──Type
        │                   │       └──NullPointerException
        │                   └──MethodInvocation
        │                       ├──method: getMessage
        │                       └──target:
        │                           └──e
        ├──Method try_catch_finally
        │   ├──Type
        │   │   └──void
        │   └──Block
        │       └──TryStatement
        │           ├──TryBlock
        │           │   └──VariableDeclaration
        │           │       ├──Type
        │           │       │   └──int
        │           │       └──x
        │           │           └── /
        │           │               ├──int 10
        │           │               └──int 2
        │           ├──ExceptionHandlers
        │           │   └──CatchClause
        │           │       ├──e
        │           │       ├──CatchType
        │           │       │   └──Type
        │           │       │       └──Exception
        │           │       └──MethodInvocation
        │           │           ├──method: getMessage
        │           │           └──target:
        │           │               └──e
        │           └──FinallyBlock
        │               └──MethodInvocation
        │                   ├──method: gc
        │                   └──target:
        │                       └──System
        ├──Method try_finally
        │   ├──Type
        │   │   └──void
        │   └──Block
        │       ├──VariableDeclaration
        │       │   ├──Type
        │       │   │   └──int
        │       │   └──x
        │       │       └──int 0
        │       └──TryStatement
        │           ├──TryBlock
        │           │   └──Assignment =
        │           │       ├──x
        │           │       └──int 1
        │           └──FinallyBlock
        │               └──PostIncrement
        │                   └──x
        ├──Method try_with_resources
        │   ├──Type
        │   │   └──void
        │   └──Block
        │       └──TryStatement
        │           ├──Resources
        │           │   └──VariableDeclaration
        │           │       ├──StringReader
        │           │       └──in
        │           │           └──NewInstance
        │           │               ├──Type
        │           │               │   └──StringReader
        │           │               └──String "abc"
        │           ├──TryBlock
        │           │   └──MethodInvocation
        │           │       ├──method: read
        │           │       └──target:
        │           │           └──in
        │           └──ExceptionHandlers
        │               └──CatchClause
        │                   ├──e
        │                   ├──CatchType
        │                   │   └──Type
        │                   │       └──IOException
        │                   └──MethodInvocation
        │                       ├──method: getMessage
        │                       └──target:
        │                           └──e
        ├──Method multiple_resources
        │   ├──Type
        │   │   └──void
        │   └──Block
        │       └──TryStatement
        │           ├──Resources
        │           │   ├──VariableDeclaration
        │           │   │   ├──StringReader
        │           │   │   └──in
        │           │   │       └──NewInstance
        │           │   │           ├──Type
        │           │   │           │   └──StringReader
        │           │   │           └──String "abc"
        │           │   └──VariableDeclaration
        │           │       ├──StringWriter
        │           │       └──out
        │           │           └──NewInstance
        │           │               └──Type
        │           │                   └──StringWriter
        │           ├──TryBlock
        │           │   └──MethodInvocation
        │           │       ├──method: write
        │           │       ├──target:
        │           │       │   └──out
        │           │       └──args:
        │           │           └──MethodInvocation
        │           │               ├──method: read
        │           │               └──target:
        │           │                   └──in
        │           └──ExceptionHandlers
        │               └──CatchClause
        │                   ├──e
        │                   ├──CatchType
        │                   │   └──Type
        │                   │       └──IOException
        │                   └──MethodInvocation
        │                       ├──method: getMessage
        │                       └──target:
        │                           └──e
        ├──Method try_with_resources_finally
        │   ├──Type
        │   │   └──void
        │   └──Block
        │       └──TryStatement
        │           ├──Resources
        │           │   └──VariableDeclaration
        │           │       ├──StringReader
        │           │       └──in
        │           │           └──NewInstance
        │           │               ├──Type
        │           │               │   └──StringReader
        │           │               └──String "abc"
        │           ├──TryBlock
        │           │   └──MethodInvocation
        │           │       ├──method: read
        │           │       └──target:
        │           │           └──in
        │           ├──ExceptionHandlers
        │           │   └──CatchClause
        │           │       ├──e
        │           │       ├──CatchType
        │           │       │   └──Type
        │           │       │       └──IOException
        │           │       └──MethodInvocation
        │           │           ├──method: getMessage
        │           │           └──target:
        │           │               └──e
        │           └──FinallyBlock
        │               └──MethodInvocation
        │                   ├──method: gc
        │                   └──target:
        │                       └──System
        ├──Method try_with_resources_only
        │   ├──Type
        │   │   └──void
        │   └──Block
        │       └──TryStatement
        │           ├──Resources
        │           │   └──VariableDeclaration
        │           │       ├──StringReader
        │           │       └──in
        │           │           └──NewInstance
        │           │               ├──Type
        │           │               │   └──StringReader
        │           │               └──String "abc"
        │           └──TryBlock
        │               └──VariableDeclaration
        │                   ├──Type
        │                   │   └──int
        │                   └──x
        │                       └──int 1
        ├──Method resource_local_variable
        │   ├──Type
        │   │   └──void
        │   └──Block
        │       ├──VariableDeclaration
        │       │   ├──StringReader
        │       │   └──in
        │       │       └──NewInstance
        │       │           ├──Type
        │       │           │   └──StringReader
        │       │           └──String "abc"
        │       └──TryStatement
        │           ├──Resources
        │           │   └──in
        │           └──TryBlock
        │               └──VariableDeclaration
        │                   ├──Type
        │                   │   └──int
        │                   └──x
        │                       └──int 1
        ├──Method resource_field_access
        │   ├──Type
        │   │   └──void
        │   ├──Param h
        │   │   └──Type
        │   │       └──Holder
        │   └──Block
        │       └──TryStatement
        │           ├──Resources
        │           │   └──MemberAccess
        │           │       ├──field: scanner
        │           │       └──target:
        │           │           └──h
        │           └──TryBlock
        │               └──VariableDeclaration
        │                   ├──Type
        │                   │   └──int
        │                   └──x
        │                       └──int 1
        ├──Method mixed_resources
        │   ├──Type
        │   │   └──void
        │   ├──Param h
        │   │   └──Type
        │   │       └──Holder
        │   └──Block
        │       ├──VariableDeclaration
        │       │   ├──Scanner
        │       │   └──in
        │       │       └──NewInstance
        │       │           ├──Type
        │       │           │   └──Scanner
        │       │           └──String "abc"
        │       └──TryStatement
        │           ├──Resources
        │           │   ├──in
        │           │   ├──MemberAccess
        │           │   │   ├──field: scanner
        │           │   │   └──target:
        │           │   │       └──h
        │           │   └──VariableDeclaration
        │           │       ├──StringWriter
        │           │       └──out
        │           │           └──NewInstance
        │           │               └──Type
        │           │                   └──StringWriter
        │           ├──TryBlock
        │           │   └──MethodInvocation
        │           │       ├──method: write
        │           │       ├──target:
        │           │       │   └──out
        │           │       └──args:
        │           │           └──int 1
        │           └──ExceptionHandlers
        │               └──CatchClause
        │                   ├──e
        │                   ├──CatchType
        │                   │   └──Type
        │                   │       └──IOException
        │                   └──ThrowStatement
        │                       └──NewInstance
        │                           ├──Type
        │                           │   └──RuntimeException
        │                           └──e
        ├──Method throw_in_try_catch
        │   ├──Type
        │   │   └──void
        │   └──Block
        │       └──TryStatement
        │           ├──TryBlock
        │           │   └──ThrowStatement
        │           │       └──NewInstance
        │           │           ├──Type
        │           │           │   └──RuntimeException
        │           │           └──String "error"
        │           └──ExceptionHandlers
        │               └──CatchClause
        │                   ├──e
        │                   ├──CatchType
        │                   │   └──Type
        │                   │       └──RuntimeException
        │                   └──ThrowStatement
        │                       └──e
        ├──Method throw_in_finally
        │   ├──Type
        │   │   └──void
        │   └──Block
        │       └──TryStatement
        │           ├──TryBlock
        │           │   └──VariableDeclaration
        │           │       ├──Type
        │           │       │   └──int
        │           │       └──x
        │           │           └──int 1
        │           └──FinallyBlock
        │               └──ThrowStatement
        │                   └──NewInstance
        │                       └──Type
        │                           └──RuntimeException
        └──Class Holder
            ├──Modifiers
            │   └──static
            └──Field declaration
                ├──Modifiers
                │   └──final
                ├──Scanner
                └──scanner
                    └──NewInstance
                        ├──Type
                        │   └──Scanner
                        └──String "abc"
