---
source: tests/snapshot/snapshot_test.rs
---
└──Compilation Unit
    └──Class ClassMembers []
        ├──Field declaration [Private]
        │   ├──Type
        │   │   └──int
        │   └──a
        ├──Field declaration [Protected, Static]
        │   ├──Type
        │   │   └──int
        │   ├──b
        │   │   └──int 1
        │   └──c
        ├──Constructor declaration []
        │   └──ConstructorBody
        ├──Constructor declaration [Public]
        │   ├──Param x
        │   │   └──Type
        │   │       └──int
        │   └──ConstructorBody
        ├──Constructor declaration [Protected]
        │   ├──Param x
        │   │   └──Type
        │   │       └──int
        │   ├──Param y
        │   │   └──Type
        │   │       └──int
        │   └──ConstructorBody
        │       └──Epilogue
        │           └──VariableDeclaration []
        │               ├──Type
        │               │   └──int
        │               └──z
        │                   └── +
        │                       ├──x
        │                       └──y
        ├──Constructor declaration []
        │   ├──Param x
        │   │   └──Type
        │   │       └──int
        │   └──ConstructorBody
        │       └──ConstructorInvocation
        │           ├──int 1
        │           └──int 2
        ├──Constructor declaration []
        │   ├──Param d
        │   │   └──Type
        │   │       └──double
        │   └──ConstructorBody
        │       ├──ConstructorInvocation
        │       │   └──int 2
        │       └──Epilogue
        │           └──VariableDeclaration []
        │               ├──Type
        │               │   └──int
        │               └──x
        │                   └──int 0
        ├──Constructor declaration []
        │   ├──Param flag
        │   │   └──Type
        │   │       └──boolean
        │   └──ConstructorBody
        │       ├──Prologue
        │       │   └──VariableDeclaration []
        │       │       ├──Type
        │       │       │   └──int
        │       │       └──x
        │       │           └──int 10
        │       ├──ConstructorInvocation
        │       │   └── +
        │       │       ├──int 1
        │       │       └──int 1
        │       └──Epilogue
        │           └──Assignment =
        │               ├──x
        │               └──int 5
        ├──Method foo [Public]
        │   ├──ClassMembers
        │   └──Block
        ├──Method bar [Protected, Static]
        │   ├──Type
        │   │   └──int
        │   ├──Param x
        │   │   └──Type
        │   │       └──int
        │   └──Block
        └──Class InnerClass [Public, Static]
            ├──Field declaration []
            │   ├──Type
            │   │   └──int
            │   └──x
            └──Method innerMethod []
                ├──Type
                │   └──void
                └──Block
