---
source: tests/snapshot/snapshot_test.rs
---
└──Compilation Unit
    ├──Class ClassHierarchy
    │   ├──Modifiers
    │   │   └──sealed
    │   ├──Extends
    │   │   └──Type
    │   │       └──Base
    │   ├──Implements
    │   │   ├──Type
    │   │   │   └──I1
    │   │   └──Type
    │   │       └──I2
    │   └──Permits
    │       ├──Type
    │       │   └──A
    │       └──Type
    │           └──B
    ├──Class Base
    ├──Interface I1
    ├──Interface I2
    ├──Interface I3
    │   └──Extends
    │       ├──Type
    │       │   └──I1
    │       └──Type
    │           └──I2
    ├──Class A
    │   ├──Modifiers
    │   │   └──final
    │   └──Extends
    │       └──Type
    │           └──ClassHierarchy
    ├──Class B
    │   ├──Modifiers
    │   │   └──non-sealed
    │   └──Extends
    │       └──Type
    │           └──ClassHierarchy
    ├──Class OnlyExtends
    │   └──Extends
    │       └──Type
    │           └──Base
    ├──Class OnlyImplements
    │   └──Implements
    │       ├──Type
    │       │   └──I1
    │       └──Type
    │           └──I2
    ├──Class OnlyPermits
    │   ├──Modifiers
    │   │   └──sealed
    │   └──Permits
    │       └──Type
    │           └──C
    ├──Class C
    │   ├──Modifiers
    │   │   └──final
    │   └──Extends
    │       └──Type
    │           └──OnlyPermits
    ├──Class ExtendsImplements
    │   ├──Extends
    │   │   └──Type
    │   │       └──Base
    │   └──Implements
    │       └──Type
    │           └──I1
    ├──RecordDeclaration R
    │   ├──Implements
    │   │   ├──Type
    │   │   │   └──I1
    │   │   └──Type
    │   │       └──I2
    │   ├──Components
    │   └──Body
    └──Enum E
        ├──Implements
        │   ├──Type
        │   │   └──I1
        │   └──Type
        │       └──I2
        ├──Constants
        └──Body
