---
source: tests/snapshot/snapshot_test.rs
---
└──Compilation Unit
    └──Class Expressions [Public]
        ├──Method literal_expressions []
        │   ├──Void
        │   └──Block
        │       ├──VariableDeclaration
        │       │   ├──Int
        │       │   └──n
        │       │       └──int 5
        │       ├──VariableDeclaration
        │       │   ├──Long
        │       │   └──l
        │       │       └──long 10
        │       ├──VariableDeclaration
        │       │   ├──Boolean
        │       │   └──b
        │       │       └──boolean true
        │       ├──Assignment =
        │       │   ├──b
        │       │   └──boolean false
        │       ├──VariableDeclaration
        │       │   ├──Char
        │       │   └──c
        │       │       └──char 'A'
        │       ├──VariableDeclaration
        │       │   ├──String
        │       │   └──s
        │       │       └──String "abc"
        │       └──VariableDeclaration
        │           ├──Object
        │           └──o
        │               └──null
        ├──Method unary_operators []
        │   ├──Void
        │   └──Block
        │       ├──VariableDeclaration
        │       │   ├──Int
        │       │   └──x
        │       │       └──int 0
        │       ├──Assignment =
        │       │   ├──x
        │       │   └──PostIncrement
        │       │       └──x
        │       ├──Assignment =
        │       │   ├──x
        │       │   └──PostDecrement
        │       │       └──x
        │       ├──Assignment =
        │       │   ├──x
        │       │   └──PreIncrement
        │       │       └──x
        │       ├──Assignment =
        │       │   ├──x
        │       │   └──PreDecrement
        │       │       └──x
        │       ├──Assignment =
        │       │   ├──x
        │       │   └──BitwiseComplement
        │       │       └──int 100
        │       ├──VariableDeclaration
        │       │   ├──Boolean
        │       │   └──b
        │       │       └──LogicalNot
        │       │           └──LogicalNot
        │       │               └──boolean false
        │       ├──Assignment =
        │       │   ├──x
        │       │   └──UnaryPlus
        │       │       └──int 3
        │       └──Assignment =
        │           ├──x
        │           └──UnaryMinus
        │               └──int 3
        ├──Method binary_operators []
        │   ├──Void
        │   └──Block
        │       ├──VariableDeclaration
        │       │   ├──Int
        │       │   └──x
        │       │       └── /
        │       │           ├── /
        │       │           │   ├──int 8
        │       │           │   └──int 4
        │       │           └──int 2
        │       ├──Assignment =
        │       │   ├──x
        │       │   └── *
        │       │       ├── *
        │       │       │   ├──int 8
        │       │       │   └──int 4
        │       │       └──int 2
        │       ├──Assignment =
        │       │   ├──x
        │       │   └── %
        │       │       ├── %
        │       │       │   ├──int 8
        │       │       │   └──int 4
        │       │       └──int 2
        │       ├──Assignment =
        │       │   ├──x
        │       │   └── %
        │       │       ├── /
        │       │       │   ├── *
        │       │       │   │   ├──int 8
        │       │       │   │   └──int 4
        │       │       │   └──int 2
        │       │       └──int 3
        │       ├──Assignment =
        │       │   ├──x
        │       │   └── -
        │       │       ├── -
        │       │       │   ├──int 5
        │       │       │   └──int 3
        │       │       └──int 1
        │       ├──Assignment =
        │       │   ├──x
        │       │   └── +
        │       │       ├── +
        │       │       │   ├──int 5
        │       │       │   └──int 3
        │       │       └──int 1
        │       ├──Assignment =
        │       │   ├──x
        │       │   └── -
        │       │       ├── +
        │       │       │   ├──int 5
        │       │       │   └──int 3
        │       │       └──int 1
        │       ├──Assignment =
        │       │   ├──x
        │       │   └── <<
        │       │       ├── <<
        │       │       │   ├──int 16
        │       │       │   └──int 2
        │       │       └──int 1
        │       ├──Assignment =
        │       │   ├──x
        │       │   └── >>
        │       │       ├── >>
        │       │       │   ├──int 16
        │       │       │   └──int 2
        │       │       └──int 1
        │       ├──Assignment =
        │       │   ├──x
        │       │   └── >>>
        │       │       ├── >>>
        │       │       │   ├──int 16
        │       │       │   └──int 2
        │       │       └──int 1
        │       ├──Assignment =
        │       │   ├──x
        │       │   └── >>
        │       │       ├── <<
        │       │       │   ├──int 16
        │       │       │   └──int 2
        │       │       └──int 1
        │       ├──VariableDeclaration
        │       │   ├──Boolean
        │       │   └──b
        │       │       └── <
        │       │           ├──int 5
        │       │           └──int 10
        │       ├──Assignment =
        │       │   ├──b
        │       │   └── >
        │       │       ├──int 5
        │       │       └──int 10
        │       ├──Assignment =
        │       │   ├──b
        │       │   └── <=
        │       │       ├──int 5
        │       │       └──int 10
        │       ├──Assignment =
        │       │   ├──b
        │       │   └── >=
        │       │       ├──int 5
        │       │       └──int 10
        │       ├──Assignment =
        │       │   ├──b
        │       │   └── ==
        │       │       ├──int 5
        │       │       └──int 5
        │       ├──Assignment =
        │       │   ├──b
        │       │   └── !=
        │       │       ├──int 5
        │       │       └──int 5
        │       ├──Assignment =
        │       │   ├──x
        │       │   └── &
        │       │       ├── &
        │       │       │   ├──int 5
        │       │       │   └──int 3
        │       │       └──int 1
        │       ├──Assignment =
        │       │   ├──x
        │       │   └── ^
        │       │       ├── ^
        │       │       │   ├──int 5
        │       │       │   └──int 3
        │       │       └──int 1
        │       ├──Assignment =
        │       │   ├──x
        │       │   └── |
        │       │       ├── |
        │       │       │   ├──int 5
        │       │       │   └──int 3
        │       │       └──int 1
        │       ├──Assignment =
        │       │   ├──b
        │       │   └── &&
        │       │       ├── &&
        │       │       │   ├──boolean true
        │       │       │   └──boolean false
        │       │       └──boolean true
        │       ├──Assignment =
        │       │   ├──b
        │       │   └── ||
        │       │       ├── ||
        │       │       │   ├──boolean true
        │       │       │   └──boolean false
        │       │       └──boolean true
        │       ├──Assignment =
        │       │   ├──x
        │       │   └── +
        │       │       ├──int 2
        │       │       └── *
        │       │           ├──int 3
        │       │           └──int 4
        │       ├──Assignment =
        │       │   ├──x
        │       │   └── +
        │       │       ├── *
        │       │       │   ├──int 2
        │       │       │   └──int 3
        │       │       └──int 4
        │       ├──Assignment =
        │       │   ├──x
        │       │   └── <<
        │       │       ├── +
        │       │       │   ├──int 2
        │       │       │   └──int 3
        │       │       └──int 1
        │       ├──Assignment =
        │       │   ├──x
        │       │   └── <<
        │       │       ├──int 2
        │       │       └── +
        │       │           ├──int 3
        │       │           └──int 1
        │       ├──Assignment =
        │       │   ├──b
        │       │   └── <
        │       │       ├── <<
        │       │       │   ├──int 8
        │       │       │   └──int 1
        │       │       └──int 20
        │       ├──Assignment =
        │       │   ├──b
        │       │   └── <
        │       │       ├──int 8
        │       │       └── <<
        │       │           ├──int 1
        │       │           └──int 4
        │       ├──Assignment =
        │       │   ├──b
        │       │   └── ==
        │       │       ├── <
        │       │       │   ├──int 5
        │       │       │   └──int 10
        │       │       └──boolean true
        │       ├──Assignment =
        │       │   ├──b
        │       │   └── &
        │       │       ├── ==
        │       │       │   ├──int 5
        │       │       │   └──int 5
        │       │       └──boolean true
        │       ├──Assignment =
        │       │   ├──b
        │       │   └── &
        │       │       ├──boolean false
        │       │       └── ==
        │       │           ├──int 5
        │       │           └──int 1
        │       ├──Assignment =
        │       │   ├──x
        │       │   └── ^
        │       │       ├── &
        │       │       │   ├──int 5
        │       │       │   └──int 3
        │       │       └──int 1
        │       ├──Assignment =
        │       │   ├──x
        │       │   └── ^
        │       │       ├──int 5
        │       │       └── &
        │       │           ├──int 3
        │       │           └──int 1
        │       ├──Assignment =
        │       │   ├──x
        │       │   └── |
        │       │       ├── ^
        │       │       │   ├──int 5
        │       │       │   └──int 3
        │       │       └──int 1
        │       ├──Assignment =
        │       │   ├──x
        │       │   └── |
        │       │       ├──int 5
        │       │       └── ^
        │       │           ├──int 3
        │       │           └──int 1
        │       ├──Assignment =
        │       │   ├──b
        │       │   └── &&
        │       │       ├── |
        │       │       │   ├──boolean true
        │       │       │   └──boolean false
        │       │       └──boolean true
        │       ├──Assignment =
        │       │   ├──b
        │       │   └── ||
        │       │       ├── &&
        │       │       │   ├──boolean true
        │       │       │   └──boolean false
        │       │       └──boolean true
        │       ├──Assignment =
        │       │   ├──b
        │       │   └── ||
        │       │       ├──boolean true
        │       │       └── &&
        │       │           ├──boolean false
        │       │           └──boolean true
        │       ├──Assignment =
        │       │   ├──x
        │       │   └── <<
        │       │       ├── +
        │       │       │   ├──int 2
        │       │       │   └── *
        │       │       │       ├──int 3
        │       │       │       └──int 4
        │       │       └──int 1
        │       ├──Assignment =
        │       │   ├──x
        │       │   └── <<
        │       │       ├──int 8
        │       │       └── +
        │       │           ├──int 2
        │       │           └── *
        │       │               ├──int 1
        │       │               └──int 3
        │       ├──Assignment =
        │       │   ├──b
        │       │   └── &&
        │       │       ├── <
        │       │       │   ├──int 5
        │       │       │   └──int 10
        │       │       └── >
        │       │           ├── +
        │       │           │   ├──int 3
        │       │           │   └──int 4
        │       │           └──int 6
        │       ├──Assignment =
        │       │   ├──b
        │       │   └── ||
        │       │       ├── ==
        │       │       │   ├──int 5
        │       │       │   └──int 5
        │       │       └── <
        │       │           ├── *
        │       │           │   ├──int 3
        │       │           │   └──int 2
        │       │           └──int 4
        │       ├──Assignment =
        │       │   ├──x
        │       │   └── *
        │       │       ├──UnaryMinus
        │       │       │   └──int 5
        │       │       └──int 3
        │       ├──Assignment =
        │       │   ├──x
        │       │   └── *
        │       │       ├──int 5
        │       │       └──UnaryMinus
        │       │           └──int 3
        │       ├──Assignment =
        │       │   ├──x
        │       │   └── +
        │       │       ├──UnaryMinus
        │       │       │   └──int 5
        │       │       └──UnaryMinus
        │       │           └──int 3
        │       ├──Assignment =
        │       │   ├──x
        │       │   └── +
        │       │       ├──int 5
        │       │       └── *
        │       │           ├──UnaryMinus
        │       │           │   └──int 3
        │       │           └──int 2
        │       ├──Assignment =
        │       │   ├──x
        │       │   └── *
        │       │       ├── +
        │       │       │   ├──int 2
        │       │       │   └──int 3
        │       │       └──int 4
        │       ├──Assignment =
        │       │   ├──x
        │       │   └── +
        │       │       ├──int 2
        │       │       └── *
        │       │           ├──int 3
        │       │           └──int 4
        │       ├──Assignment =
        │       │   ├──x
        │       │   └── +
        │       │       ├── <<
        │       │       │   ├──int 2
        │       │       │   └──int 3
        │       │       └──int 1
        │       └──Assignment =
        │           ├──x
        │           └── <<
        │               ├──int 2
        │               └── +
        │                   ├──int 3
        │                   └──int 1
        └──Method conditional_expressions []
            ├──Void
            └──Block
                ├──VariableDeclaration
                │   ├──Int
                │   └──x
                │       └──ConditionalExpression
                │           ├──boolean true
                │           ├──int 1
                │           └──int 2
                ├──VariableDeclaration
                │   ├──Int
                │   └──a
                │       └──ConditionalExpression
                │           ├──boolean false
                │           ├──int 1
                │           └──int 2
                ├──VariableDeclaration
                │   ├──Int
                │   └──b
                │       └──ConditionalExpression
                │           ├──boolean true
                │           ├──int 1
                │           └──ConditionalExpression
                │               ├──boolean false
                │               ├──int 2
                │               └──int 3
                ├──VariableDeclaration
                │   ├──Int
                │   └──c
                │       └──ConditionalExpression
                │           ├──boolean true
                │           ├──ConditionalExpression
                │           │   ├──boolean false
                │           │   ├──int 1
                │           │   └──int 2
                │           └──int 3
                ├──VariableDeclaration
                │   ├──Int
                │   └──d
                │       └──ConditionalExpression
                │           ├── <
                │           │   ├──int 1
                │           │   └──int 2
                │           ├──int 3
                │           └──int 4
                ├──VariableDeclaration
                │   ├──Int
                │   └──e
                │       └──ConditionalExpression
                │           ├── &&
                │           │   ├──boolean true
                │           │   └──boolean false
                │           ├──int 1
                │           └──int 2
                ├──VariableDeclaration
                │   ├──Int
                │   └──f
                │       └──ConditionalExpression
                │           ├── ||
                │           │   ├──boolean true
                │           │   └──boolean false
                │           ├──int 1
                │           └──int 2
                ├──VariableDeclaration
                │   ├──Int
                │   └──g
                │       └──ConditionalExpression
                │           ├──boolean true
                │           ├──int 2
                │           └── +
                │               ├──int 3
                │               └──int 1
                ├──Assignment =
                │   ├──x
                │   └──ConditionalExpression
                │       ├── <
                │       │   ├──a
                │       │   └──b
                │       ├──c
                │       └── +
                │           ├──d
                │           └──e
                ├──Assignment =
                │   ├──x
                │   └──ConditionalExpression
                │       ├── <
                │       │   ├──a
                │       │   └──b
                │       ├── +
                │       │   ├──c
                │       │   └──d
                │       └──e
                ├──Assignment =
                │   ├──x
                │   └──ConditionalExpression
                │       ├── >
                │       │   ├── +
                │       │   │   ├──a
                │       │   │   └──b
                │       │   └──c
                │       ├── *
                │       │   ├──d
                │       │   └──e
                │       └── /
                │           ├──f
                │           └──g
                ├──Assignment =
                │   ├──x
                │   └──ConditionalExpression
                │       ├──boolean true
                │       ├── +
                │       │   ├──a
                │       │   └── *
                │       │       ├──b
                │       │       └──c
                │       └── <<
                │           ├──d
                │           └──e
                ├──VariableDeclaration
                │   ├──Boolean
                │   ├──b1
                │   │   └──boolean false
                │   ├──b2
                │   │   └──boolean false
                │   └──b3
                │       └──boolean false
                ├──Assignment =
                │   ├──x
                │   └──ConditionalExpression
                │       ├──b1
                │       ├──b
                │       └──ConditionalExpression
                │           ├──b2
                │           ├──d
                │           └──ConditionalExpression
                │               ├──b3
                │               ├──f
                │               └──g
                ├──Assignment =
                │   ├──x
                │   └──ConditionalExpression
                │       ├──b1
                │       ├──ConditionalExpression
                │       │   ├──b2
                │       │   ├──c
                │       │   └──d
                │       └──ConditionalExpression
                │           ├──b3
                │           ├──f
                │           └──g
                ├──Assignment =
                │   ├──x
                │   └──ConditionalExpression
                │       ├── >
                │       │   ├──UnaryMinus
                │       │   │   └──int 1
                │       │   └──int 0
                │       ├──UnaryMinus
                │       │   └──int 2
                │       └──UnaryMinus
                │           └──int 3
                └──Assignment =
                    ├──x
                    └──ConditionalExpression
                        ├──boolean true
                        ├──UnaryMinus
                        │   └──a
                        └──UnaryMinus
                            └──b
