---
source: tests/snapshot/snapshot_test.rs
---
└──Compilation Unit
    └──Class ModifierTest
        ├──Modifiers
        │   ├──public
        │   └──abstract
        ├──Field declaration
        │   ├──Modifiers
        │   │   └──public
        │   ├──Type
        │   │   └──int
        │   └──a
        ├──Field declaration
        │   ├──Modifiers
        │   │   ├──protected
        │   │   └──static
        │   ├──Type
        │   │   └──int
        │   └──b
        ├──Field declaration
        │   ├──Modifiers
        │   │   ├──private
        │   │   └──final
        │   ├──Type
        │   │   └──int
        │   └──c
        │       └──int 1
        ├──Method abstractMethod
        │   ├──Modifiers
        │   │   ├──public
        │   │   └──abstract
        │   ├──Type
        │   │   └──void
        │   └──;
        ├──Method staticMethod
        │   ├──Modifiers
        │   │   ├──protected
        │   │   └──static
        │   ├──Type
        │   │   └──void
        │   ├──Param x
        │   │   ├──Type
        │   │   │   └──int
        │   │   └──Modifiers
        │   │       └──final
        │   └──Block
        │       └──VariableDeclaration
        │           ├──Modifiers
        │           │   └──final
        │           ├──Type
        │           │   └──int
        │           └──y
        │               └── +
        │                   ├──x
        │                   └──int 1
        └──Class Inner
            ├──Modifiers
            │   ├──public
            │   ├──static
            │   └──final
            ├──Field declaration
            │   ├──Modifiers
            │   │   └──private
            │   ├──Type
            │   │   └──int
            │   └──x
            └──Method method
                ├──Modifiers
                │   ├──public
                │   └──final
                ├──Type
                │   └──void
                ├──Param param
                │   ├──Type
                │   │   └──int
                │   └──Modifiers
                │       └──final
                └──Block
                    └──VariableDeclaration
                        ├──Modifiers
                        │   └──final
                        ├──Type
                        │   └──int
                        └──local
                            └──param
