---
source: tests/snapshot/snapshot_test.rs
---
└──Compilation Unit
    └──Class WhileStatements []
        ├──Method test []
        │   ├──Type
        │   │   └──void
        │   ├──Param a
        │   │   └──Type
        │   │       └──int
        │   ├──Param b
        │   │   └──Type
        │   │       └──int
        │   └──Block
        │       ├──WhileStatement
        │       │   ├──Condition
        │       │   │   └── >
        │       │   │       ├──a
        │       │   │       └──int 0
        │       │   └──Body
        │       │       └──PostDecrement
        │       │           └──a
        │       ├──WhileStatement
        │       │   ├──Condition
        │       │   │   └── >
        │       │   │       ├──a
        │       │   │       └──int 0
        │       │   └──Body
        │       │       └──BlockStatement
        │       │           ├──PostDecrement
        │       │           │   └──a
        │       │           └──PostIncrement
        │       │               └──b
        │       ├──WhileStatement
        │       │   ├──Condition
        │       │   │   └── >
        │       │   │       ├──a
        │       │   │       └──int 0
        │       │   └──Body
        │       │       └──WhileStatement
        │       │           ├──Condition
        │       │           │   └── >
        │       │           │       ├──b
        │       │           │       └──int 0
        │       │           └──Body
        │       │               └──PostDecrement
        │       │                   └──b
        │       ├──LabeledStatement: loop
        │       │   └──WhileStatement
        │       │       ├──Condition
        │       │       │   └── >
        │       │       │       ├──a
        │       │       │       └──int 0
        │       │       └──Body
        │       │           └──BlockStatement
        │       │               ├──WhileStatement
        │       │               │   ├──Condition
        │       │               │   │   └── >
        │       │               │   │       ├──b
        │       │               │   │       └──int 0
        │       │               │   └──Body
        │       │               │       └──BlockStatement
        │       │               │           ├──PostDecrement
        │       │               │           │   └──b
        │       │               │           └──IfStatement
        │       │               │               ├──Condition
        │       │               │               │   └── ==
        │       │               │               │       ├──b
        │       │               │               │       └──int 1
        │       │               │               └──if_true
        │       │               │                   └──ContinueStatement loop
        │       │               └──PostDecrement
        │       │                   └──a
        │       ├──LabeledStatement: loop
        │       │   └──WhileStatement
        │       │       ├──Condition
        │       │       │   └── >
        │       │       │       ├──a
        │       │       │       └──int 0
        │       │       └──Body
        │       │           └──IfStatement
        │       │               ├──Condition
        │       │               │   └── >
        │       │               │       ├──b
        │       │               │       └──int 0
        │       │               ├──if_true
        │       │               │   └──BreakStatement loop
        │       │               └──if_false
        │       │                   └──PostDecrement
        │       │                       └──a
        │       ├──IfStatement
        │       │   ├──Condition
        │       │   │   └── >
        │       │   │       ├──a
        │       │   │       └──int 0
        │       │   └──if_true
        │       │       └──WhileStatement
        │       │           ├──Condition
        │       │           │   └── >
        │       │           │       ├──b
        │       │           │       └──int 0
        │       │           └──Body
        │       │               └──PostDecrement
        │       │                   └──b
        │       └──WhileStatement
        │           ├──Condition
        │           │   └── >
        │           │       ├──a
        │           │       └──int 0
        │           └──Body
        │               └──EmptyStatement
        └──Method danglingElse []
            ├──Type
            │   └──void
            ├──Param a
            │   └──Type
            │       └──int
            ├──Param b
            │   └──Type
            │       └──int
            └──Block
                ├──IfStatement
                │   ├──Condition
                │   │   └── >
                │   │       ├──a
                │   │       └──int 0
                │   └──if_true
                │       └──WhileStatement
                │           ├──Condition
                │           │   └── >
                │           │       ├──b
                │           │       └──int 0
                │           └──Body
                │               └──IfStatement
                │                   ├──Condition
                │                   │   └── >
                │                   │       ├──a
                │                   │       └──b
                │                   ├──if_true
                │                   │   └──PostDecrement
                │                   │       └──a
                │                   └──if_false
                │                       └──PostDecrement
                │                           └──b
                ├──IfStatement
                │   ├──Condition
                │   │   └── >
                │   │       ├──a
                │   │       └──int 0
                │   ├──if_true
                │   │   └──BlockStatement
                │   │       └──WhileStatement
                │   │           ├──Condition
                │   │           │   └── >
                │   │           │       ├──b
                │   │           │       └──int 0
                │   │           └──Body
                │   │               └──IfStatement
                │   │                   ├──Condition
                │   │                   │   └── >
                │   │                   │       ├──a
                │   │                   │       └──b
                │   │                   └──if_true
                │   │                       └──PostDecrement
                │   │                           └──a
                │   └──if_false
                │       └──BlockStatement
                │           └──PostDecrement
                │               └──b
                └──IfStatement
                    ├──Condition
                    │   └── >
                    │       ├──a
                    │       └──int 0
                    └──if_true
                        └──IfStatement
                            ├──Condition
                            │   └── >
                            │       ├──b
                            │       └──int 0
                            ├──if_true
                            │   └──WhileStatement
                            │       ├──Condition
                            │       │   └── >
                            │       │       ├──a
                            │       │       └──b
                            │       └──Body
                            │           └──PostDecrement
                            │               └──a
                            └──if_false
                                └──PostDecrement
                                    └──b
