---
source: tests/snapshot/snapshot_test.rs
---
└──Compilation Unit
    └──Class ClassMembers []
        ├──Field declaration [Private]
        │   ├──Int
        │   └──a
        ├──Field declaration [Protected, Static]
        │   ├──Int
        │   ├──b
        │   │   └──int 1
        │   └──c
        ├──Constructor declaration []
        │   └──ConstructorBody
        ├──Constructor declaration [Public]
        │   ├──Param Int x []
        │   └──ConstructorBody
        ├──Constructor declaration [Protected]
        │   ├──Param Int x []
        │   ├──Param Int y []
        │   └──ConstructorBody
        │       └──Epilogue
        │           └──VariableDeclaration []
        │               ├──Int
        │               └──z
        │                   └── +
        │                       ├──x
        │                       └──y
        ├──Constructor declaration []
        │   ├──Param Int x []
        │   └──ConstructorBody
        │       └──ConstructorInvocation
        │           ├──int 1
        │           └──int 2
        ├──Constructor declaration []
        │   ├──Param Double d []
        │   └──ConstructorBody
        │       ├──ConstructorInvocation
        │       │   └──int 2
        │       └──Epilogue
        │           └──VariableDeclaration []
        │               ├──Int
        │               └──x
        │                   └──int 0
        ├──Constructor declaration []
        │   ├──Param Boolean flag []
        │   └──ConstructorBody
        │       ├──Prologue
        │       │   └──VariableDeclaration []
        │       │       ├──Int
        │       │       └──x
        │       │           └──int 10
        │       ├──ConstructorInvocation
        │       │   └── +
        │       │       ├──int 1
        │       │       └──int 1
        │       └──Epilogue
        │           └──Assignment =
        │               ├──x
        │               └──int 5
        ├──Method foo [Public]
        │   ├──ClassMembers
        │   └──Block
        ├──Method bar [Protected, Static]
        │   ├──Int
        │   ├──Param Int x []
        │   └──Block
        └──Class InnerClass [Public, Static]
            ├──Field declaration []
            │   ├──Int
            │   └──x
            └──Method innerMethod []
                ├──Void
                └──Block
