---
source: tests/snapshot/snapshot_test.rs
---
└──Compilation Unit
    └──Enum Enums
        ├──Constants
        └──Body
            ├──Enum E0
            │   ├──Constants
            │   │   ├──A
            │   │   │   ├──Args
            │   │   │   │   └──int 1
            │   │   │   └──Body
            │   │   │       └──Field declaration []
            │   │   │           ├──Type
            │   │   │           │   └──int
            │   │   │           └──x
            │   │   │               └──int 1
            │   │   ├──B
            │   │   ├──C
            │   │   │   └──Args
            │   │   │       └──int 3
            │   │   └──D
            │   │       └──Body
            │   └──Body
            │       ├──Constructor declaration []
            │       │   ├──Param i
            │       │   │   └──Type
            │       │   │       └──int
            │       │   └──ConstructorBody
            │       ├──Constructor declaration []
            │       │   └──ConstructorBody
            │       └──Method method []
            │           ├──Type
            │           │   └──void
            │           └──Block
            ├──Enum E1
            │   ├──Constants
            │   └──Body
            ├──Enum E7
            │   ├──Constants
            │   └──Body
            ├──Enum E8
            │   ├──Constants
            │   └──Body
            │       └──Field declaration []
            │           ├──Type
            │           │   └──int
            │           └──field
            ├──Enum E2
            │   ├──Constants
            │   │   ├──A
            │   │   ├──B
            │   │   └──C
            │   └──Body
            ├──Enum E3
            │   ├──Constants
            │   │   ├──A
            │   │   ├──B
            │   │   └──C
            │   └──Body
            ├──Enum E4
            │   ├──Constants
            │   │   └──A
            │   └──Body
            ├──Enum E5
            │   ├──Constants
            │   └──Body
            └──Enum E6
                ├──Constants
                └──Body
