---
source: tests/snapshot/snapshot_test.rs
---
└──Compilation Unit
    └──Class IfStatements
        └──Method test
            ├──Type
            │   └──void
            ├──Param a
            │   └──Type
            │       └──int
            ├──Param b
            │   └──Type
            │       └──int
            └──Block
                ├──IfStatement
                │   ├──Condition
                │   │   └── >
                │   │       ├──a
                │   │       └──int 0
                │   └──if_true
                │       └──Assignment =
                │           ├──a
                │           └──int 1
                ├──IfStatement
                │   ├──Condition
                │   │   └── >
                │   │       ├──a
                │   │       └──int 0
                │   ├──if_true
                │   │   └──Assignment =
                │   │       ├──a
                │   │       └──int 1
                │   └──if_false
                │       └──Assignment =
                │           ├──a
                │           └──int 2
                ├──IfStatement
                │   ├──Condition
                │   │   └── >
                │   │       ├──a
                │   │       └──int 0
                │   ├──if_true
                │   │   └──BlockStatement
                │   │       └──Assignment =
                │   │           ├──a
                │   │           └──int 1
                │   └──if_false
                │       └──BlockStatement
                │           └──Assignment =
                │               ├──a
                │               └──int 2
                ├──IfStatement
                │   ├──Condition
                │   │   └── >
                │   │       ├──a
                │   │       └──int 0
                │   └──if_true
                │       └──IfStatement
                │           ├──Condition
                │           │   └── >
                │           │       ├──b
                │           │       └──int 0
                │           └──if_true
                │               └──Assignment =
                │                   ├──a
                │                   └──b
                ├──IfStatement
                │   ├──Condition
                │   │   └── >
                │   │       ├──a
                │   │       └──int 0
                │   └──if_true
                │       └──IfStatement
                │           ├──Condition
                │           │   └── >
                │           │       ├──b
                │           │       └──int 0
                │           ├──if_true
                │           │   └──Assignment =
                │           │       ├──a
                │           │       └──b
                │           └──if_false
                │               └──Assignment =
                │                   ├──a
                │                   └──UnaryMinus
                │                       └──b
                ├──IfStatement
                │   ├──Condition
                │   │   └── >
                │   │       ├──a
                │   │       └──int 0
                │   ├──if_true
                │   │   └──BlockStatement
                │   │       └──IfStatement
                │   │           ├──Condition
                │   │           │   └── >
                │   │           │       ├──b
                │   │           │       └──int 0
                │   │           └──if_true
                │   │               └──Assignment =
                │   │                   ├──a
                │   │                   └──b
                │   └──if_false
                │       └──BlockStatement
                │           └──Assignment =
                │               ├──a
                │               └──UnaryMinus
                │                   └──b
                ├──IfStatement
                │   ├──Condition
                │   │   └── >
                │   │       ├──a
                │   │       └──int 0
                │   ├──if_true
                │   │   └──Assignment =
                │   │       ├──a
                │   │       └──int 1
                │   └──if_false
                │       └──IfStatement
                │           ├──Condition
                │           │   └── <
                │           │       ├──a
                │           │       └──int 0
                │           ├──if_true
                │           │   └──Assignment =
                │           │       ├──a
                │           │       └──UnaryMinus
                │           │           └──int 1
                │           └──if_false
                │               └──Assignment =
                │                   ├──a
                │                   └──int 0
                ├──IfStatement
                │   ├──Condition
                │   │   └── >
                │   │       ├──a
                │   │       └──int 0
                │   └──if_true
                │       └──BlockStatement
                │           └──IfStatement
                │               ├──Condition
                │               │   └── >
                │               │       ├──b
                │               │       └──int 0
                │               ├──if_true
                │               │   └──BlockStatement
                │               │       └──Assignment =
                │               │           ├──a
                │               │           └──b
                │               └──if_false
                │                   └──BlockStatement
                │                       └──Assignment =
                │                           ├──a
                │                           └──UnaryMinus
                │                               └──b
                └──IfStatement
                    ├──Condition
                    │   └── >
                    │       ├──a
                    │       └──int 0
                    └──if_true
                        └──IfStatement
                            ├──Condition
                            │   └── >
                            │       ├──b
                            │       └──int 0
                            └──if_true
                                └──IfStatement
                                    ├──Condition
                                    │   └── >
                                    │       ├──a
                                    │       └──b
                                    ├──if_true
                                    │   └──Assignment =
                                    │       ├──a
                                    │       └──b
                                    └──if_false
                                        └──Assignment =
                                            ├──b
                                            └──a
