---
source: tests/snapshot/snapshot_test.rs
---
└──Compilation Unit
    └──Class Statements
        ├──Method assignment_statements
        │   ├──Type
        │   │   └──int
        │   ├──Param a
        │   │   └──Type
        │   │       └──int
        │   ├──Param b
        │   │   └──Type
        │   │       └──int
        │   ├──Param c
        │   │   └──Type
        │   │       └──int
        │   ├──Param d
        │   │   └──Type
        │   │       └──int
        │   ├──Param x
        │   │   └──Type
        │   │       └──int
        │   └──Block
        │       ├──Assignment =
        │       │   ├──a
        │       │   └──int 1
        │       ├──Assignment =
        │       │   ├──a
        │       │   └──b
        │       ├──Assignment =
        │       │   ├──a
        │       │   └── +
        │       │       ├──b
        │       │       └──c
        │       ├──Assignment =
        │       │   ├──a
        │       │   └──Assignment =
        │       │       ├──b
        │       │       └──c
        │       ├──Assignment =
        │       │   ├──a
        │       │   └──Assignment =
        │       │       ├──b
        │       │       └──Assignment =
        │       │           ├──c
        │       │           └──d
        │       ├──Assignment =
        │       │   ├──a
        │       │   └── +
        │       │       ├──b
        │       │       └── *
        │       │           ├──c
        │       │           └──d
        │       ├──Assignment =
        │       │   ├──a
        │       │   └── *
        │       │       ├── +
        │       │       │   ├──b
        │       │       │   └──c
        │       │       └──d
        │       ├──Assignment =
        │       │   ├──a
        │       │   └── +
        │       │       ├──Assignment =
        │       │       │   ├──b
        │       │       │   └──c
        │       │       └──d
        │       ├──Assignment =
        │       │   ├──x
        │       │   └──Assignment =
        │       │       ├──a
        │       │       └──ConditionalExpression
        │       │           ├──boolean true
        │       │           ├──c
        │       │           └──d
        │       ├──VariableDeclaration
        │       │   ├──Type
        │       │   │   └──boolean
        │       │   └──bool
        │       ├──Assignment =
        │       │   ├──x
        │       │   └──ConditionalExpression
        │       │       ├──Assignment =
        │       │       │   ├──bool
        │       │       │   └──boolean true
        │       │       ├──c
        │       │       └──d
        │       ├──Assignment +=
        │       │   ├──a
        │       │   └──b
        │       ├──Assignment -=
        │       │   ├──a
        │       │   └──b
        │       ├──Assignment *=
        │       │   ├──a
        │       │   └──b
        │       ├──Assignment /=
        │       │   ├──a
        │       │   └──b
        │       ├──Assignment %=
        │       │   ├──a
        │       │   └──b
        │       ├──Assignment <<=
        │       │   ├──a
        │       │   └──b
        │       ├──Assignment >>=
        │       │   ├──a
        │       │   └──b
        │       ├──Assignment >>>=
        │       │   ├──a
        │       │   └──b
        │       ├──Assignment &=
        │       │   ├──a
        │       │   └──b
        │       ├──Assignment ^=
        │       │   ├──a
        │       │   └──b
        │       ├──Assignment |=
        │       │   ├──a
        │       │   └──b
        │       ├──Assignment +=
        │       │   ├──a
        │       │   └── +
        │       │       ├──b
        │       │       └── *
        │       │           ├──c
        │       │           └──d
        │       ├──Assignment *=
        │       │   ├──a
        │       │   └── +
        │       │       ├──b
        │       │       └──c
        │       ├──Assignment <<=
        │       │   ├──a
        │       │   └── +
        │       │       ├──b
        │       │       └──int 1
        │       ├──Assignment +=
        │       │   ├──a
        │       │   └──Assignment +=
        │       │       ├──b
        │       │       └──c
        │       ├──Assignment =
        │       │   ├──a
        │       │   └──Assignment +=
        │       │       ├──b
        │       │       └──Assignment =
        │       │           ├──c
        │       │           └──d
        │       ├──Assignment =
        │       │   ├──a
        │       │   └──UnaryMinus
        │       │       └──b
        │       ├──Assignment +=
        │       │   ├──a
        │       │   └──UnaryMinus
        │       │       └──b
        │       ├──Assignment =
        │       │   ├──a
        │       │   └──PreIncrement
        │       │       └──b
        │       ├──Assignment =
        │       │   ├──a
        │       │   └──PostIncrement
        │       │       └──b
        │       └──ReturnStatement
        │           └──a
        ├──Method prefix_operators
        │   ├──Type
        │   │   └──boolean
        │   ├──Param a
        │   │   └──Type
        │   │       └──int
        │   ├──Param b
        │   │   └──Type
        │   │       └──int
        │   └──Block
        │       ├──PreIncrement
        │       │   └──a
        │       ├──PreDecrement
        │       │   └──a
        │       ├──PreIncrement
        │       │   └──a
        │       ├──PreDecrement
        │       │   └──b
        │       └──ReturnStatement
        │           └── >
        │               ├──a
        │               └──b
        ├──Method postfix_operators
        │   ├──Type
        │   │   └──void
        │   ├──Param a
        │   │   └──Type
        │   │       └──int
        │   ├──Param b
        │   │   └──Type
        │   │       └──int
        │   └──Block
        │       ├──PostIncrement
        │       │   └──a
        │       ├──PostDecrement
        │       │   └──a
        │       ├──PostIncrement
        │       │   └──a
        │       ├──PostDecrement
        │       │   └──b
        │       └──ReturnStatement
        ├──Method block_statements
        │   ├──Type
        │   │   └──void
        │   └──Block
        │       ├──BlockStatement
        │       ├──BlockStatement
        │       │   └──VariableDeclaration
        │       │       ├──Type
        │       │       │   └──int
        │       │       └──a
        │       │           └──int 1
        │       └──BlockStatement
        │           ├──VariableDeclaration
        │           │   ├──Type
        │           │   │   └──int
        │           │   └──a
        │           │       └──int 1
        │           ├──BlockStatement
        │           │   └──BlockStatement
        │           │       └──VariableDeclaration
        │           │           ├──Type
        │           │           │   └──int
        │           │           └──b
        │           │               └──int 2
        │           └──VariableDeclaration
        │               ├──Type
        │               │   └──int
        │               └──c
        │                   └──int 3
        ├──Method variable_declarations
        │   ├──Type
        │   │   └──void
        │   └──Block
        │       ├──VariableDeclaration
        │       │   ├──Type
        │       │   │   └──int
        │       │   └──a1
        │       ├──VariableDeclaration
        │       │   ├──Type
        │       │   │   └──boolean
        │       │   └──a2
        │       ├──VariableDeclaration
        │       │   ├──Type
        │       │   │   └──String
        │       │   └──a3
        │       ├──VariableDeclaration
        │       │   ├──Type
        │       │   │   └──int
        │       │   └──b1
        │       │       └──int 1
        │       ├──VariableDeclaration
        │       │   ├──Type
        │       │   │   └──int
        │       │   └──b2
        │       │       └── +
        │       │           ├──b1
        │       │           └──int 2
        │       ├──VariableDeclaration
        │       │   ├──Type
        │       │   │   └──int
        │       │   └──b3
        │       │       └── *
        │       │           ├── +
        │       │           │   ├──b1
        │       │           │   └──b2
        │       │           └──int 2
        │       ├──VariableDeclaration
        │       │   ├──Type
        │       │   │   └──int
        │       │   └──b4
        │       │       └──ConditionalExpression
        │       │           ├── >
        │       │           │   ├──b1
        │       │           │   └──b2
        │       │           ├──b1
        │       │           └──b2
        │       ├──VariableDeclaration
        │       │   ├──Type
        │       │   │   └──String
        │       │   └──b5
        │       │       └──String "hello"
        │       ├──VariableDeclaration
        │       │   ├──Type
        │       │   │   └──int
        │       │   ├──c1
        │       │   ├──c2
        │       │   └──c3
        │       ├──VariableDeclaration
        │       │   ├──Type
        │       │   │   └──int
        │       │   ├──c4
        │       │   │   └──int 1
        │       │   ├──c5
        │       │   ├──c6
        │       │   │   └──Assignment =
        │       │   │       ├──c5
        │       │   │       └──c4
        │       │   └──c7
        │       ├──VariableDeclaration
        │       │   ├──Type
        │       │   │   └──int
        │       │   ├──c8
        │       │   └──c9
        │       │       └──int 5
        │       ├──VariableDeclaration
        │       │   ├──Type
        │       │   │   └──int
        │       │   ├──d1
        │       │   └──d2
        │       ├──VariableDeclaration
        │       │   ├──Type
        │       │   │   └──int
        │       │   └──d3
        │       │       └──Assignment =
        │       │           ├──d2
        │       │           └──Assignment =
        │       │               ├──d1
        │       │               └──int 1
        │       ├──VariableDeclaration
        │       │   ├──Type
        │       │   │   └──int
        │       │   ├──unnamed
        │       │   │   └──int 2
        │       │   └──e1
        │       ├──VariableDeclaration
        │       │   ├──Type
        │       │   │   └──int
        │       │   └──unnamed
        │       │       └──Assignment =
        │       │           ├──e1
        │       │           └──int 5
        │       └──VariableDeclaration
        │           ├──Type
        │           │   └──int
        │           ├──unnamed
        │           │   └──int 1
        │           ├──unnamed
        │           │   └──int 2
        │           └──e2
        │               └──int 3
        ├──Method assert_statements
        │   ├──Type
        │   │   └──void
        │   ├──Param a
        │   │   └──Type
        │   │       └──int
        │   ├──Param b
        │   │   └──Type
        │   │       └──int
        │   └──Block
        │       ├──AssertStatement
        │       │   └──Condition
        │       │       └── >
        │       │           ├──a
        │       │           └──int 0
        │       ├──AssertStatement
        │       │   ├──Condition
        │       │   │   └── >
        │       │   │       ├──b
        │       │   │       └──int 0
        │       │   └──DetailMessage
        │       │       └──String "b must be positive"
        │       ├──AssertStatement
        │       │   └──Condition
        │       │       └── >
        │       │           ├── +
        │       │           │   ├──a
        │       │           │   └──b
        │       │           └──int 0
        │       └──AssertStatement
        │           ├──Condition
        │           │   └── !=
        │           │       ├──a
        │           │       └──b
        │           └──DetailMessage
        │               └── +
        │                   ├── +
        │                   │   ├──a
        │                   │   └──String " should not equal "
        │                   └──b
        └──Method synchronizedStatements
            ├──Type
            │   └──void
            └──Block
                └──SynchronizedStatement
                    ├──Lock
                    │   └──NewInstance
                    │       └──Type
                    │           └──Object
                    └──Body
                        └──VariableDeclaration
                            ├──Type
                            │   └──int
                            └──y
                                └──int 2
