---
source: tests/snapshot/snapshot_test.rs
---
└──Compilation Unit
    └──Class Expressions
        ├──Modifiers
        │   └──public
        ├──Field declaration
        │   ├──Type
        │   │   └──int
        │   └──x
        ├──Method literal_expressions
        │   ├──Type
        │   │   └──void
        │   └──Block
        │       ├──VariableDeclaration
        │       │   ├──Type
        │       │   │   └──int
        │       │   └──n
        │       │       └──int 5
        │       ├──VariableDeclaration
        │       │   ├──Type
        │       │   │   └──long
        │       │   └──l
        │       │       └──long 10
        │       ├──VariableDeclaration
        │       │   ├──Type
        │       │   │   └──boolean
        │       │   └──b
        │       │       └──boolean true
        │       ├──Assignment =
        │       │   ├──b
        │       │   └──boolean false
        │       ├──VariableDeclaration
        │       │   ├──Type
        │       │   │   └──char
        │       │   └──c
        │       │       └──char 'A'
        │       ├──VariableDeclaration
        │       │   ├──Type
        │       │   │   └──String
        │       │   └──s
        │       │       └──String "abc"
        │       └──VariableDeclaration
        │           ├──Type
        │           │   └──Object
        │           └──o
        │               └──null
        ├──Method unary_operators
        │   ├──Type
        │   │   └──void
        │   └──Block
        │       ├──VariableDeclaration
        │       │   ├──Type
        │       │   │   └──int
        │       │   └──x
        │       │       └──int 0
        │       ├──Assignment =
        │       │   ├──x
        │       │   └──PostIncrement
        │       │       └──x
        │       ├──Assignment =
        │       │   ├──x
        │       │   └──PostDecrement
        │       │       └──x
        │       ├──Assignment =
        │       │   ├──x
        │       │   └──PreIncrement
        │       │       └──x
        │       ├──Assignment =
        │       │   ├──x
        │       │   └──PreDecrement
        │       │       └──x
        │       ├──Assignment =
        │       │   ├──x
        │       │   └──BitwiseComplement
        │       │       └──int 100
        │       ├──VariableDeclaration
        │       │   ├──Type
        │       │   │   └──boolean
        │       │   └──b
        │       │       └──LogicalNot
        │       │           └──LogicalNot
        │       │               └──boolean false
        │       ├──Assignment =
        │       │   ├──x
        │       │   └──UnaryPlus
        │       │       └──int 3
        │       └──Assignment =
        │           ├──x
        │           └──UnaryMinus
        │               └──int 3
        ├──Method binary_operators
        │   ├──Type
        │   │   └──void
        │   └──Block
        │       ├──VariableDeclaration
        │       │   ├──Type
        │       │   │   └──int
        │       │   └──x
        │       │       └── /
        │       │           ├── /
        │       │           │   ├──int 8
        │       │           │   └──int 4
        │       │           └──int 2
        │       ├──Assignment =
        │       │   ├──x
        │       │   └── *
        │       │       ├── *
        │       │       │   ├──int 8
        │       │       │   └──int 4
        │       │       └──int 2
        │       ├──Assignment =
        │       │   ├──x
        │       │   └── %
        │       │       ├── %
        │       │       │   ├──int 8
        │       │       │   └──int 4
        │       │       └──int 2
        │       ├──Assignment =
        │       │   ├──x
        │       │   └── %
        │       │       ├── /
        │       │       │   ├── *
        │       │       │   │   ├──int 8
        │       │       │   │   └──int 4
        │       │       │   └──int 2
        │       │       └──int 3
        │       ├──Assignment =
        │       │   ├──x
        │       │   └── -
        │       │       ├── -
        │       │       │   ├──int 5
        │       │       │   └──int 3
        │       │       └──int 1
        │       ├──Assignment =
        │       │   ├──x
        │       │   └── +
        │       │       ├── +
        │       │       │   ├──int 5
        │       │       │   └──int 3
        │       │       └──int 1
        │       ├──Assignment =
        │       │   ├──x
        │       │   └── -
        │       │       ├── +
        │       │       │   ├──int 5
        │       │       │   └──int 3
        │       │       └──int 1
        │       ├──Assignment =
        │       │   ├──x
        │       │   └── <<
        │       │       ├── <<
        │       │       │   ├──int 16
        │       │       │   └──int 2
        │       │       └──int 1
        │       ├──Assignment =
        │       │   ├──x
        │       │   └── >>
        │       │       ├── >>
        │       │       │   ├──int 16
        │       │       │   └──int 2
        │       │       └──int 1
        │       ├──Assignment =
        │       │   ├──x
        │       │   └── >>>
        │       │       ├── >>>
        │       │       │   ├──int 16
        │       │       │   └──int 2
        │       │       └──int 1
        │       ├──Assignment =
        │       │   ├──x
        │       │   └── >>
        │       │       ├── <<
        │       │       │   ├──int 16
        │       │       │   └──int 2
        │       │       └──int 1
        │       ├──VariableDeclaration
        │       │   ├──Type
        │       │   │   └──boolean
        │       │   └──b
        │       │       └── <
        │       │           ├──int 5
        │       │           └──int 10
        │       ├──Assignment =
        │       │   ├──b
        │       │   └── >
        │       │       ├──int 5
        │       │       └──int 10
        │       ├──Assignment =
        │       │   ├──b
        │       │   └── <=
        │       │       ├──int 5
        │       │       └──int 10
        │       ├──Assignment =
        │       │   ├──b
        │       │   └── >=
        │       │       ├──int 5
        │       │       └──int 10
        │       ├──Assignment =
        │       │   ├──b
        │       │   └── ==
        │       │       ├──int 5
        │       │       └──int 5
        │       ├──Assignment =
        │       │   ├──b
        │       │   └── !=
        │       │       ├──int 5
        │       │       └──int 5
        │       ├──Assignment =
        │       │   ├──x
        │       │   └── &
        │       │       ├── &
        │       │       │   ├──int 5
        │       │       │   └──int 3
        │       │       └──int 1
        │       ├──Assignment =
        │       │   ├──x
        │       │   └── ^
        │       │       ├── ^
        │       │       │   ├──int 5
        │       │       │   └──int 3
        │       │       └──int 1
        │       ├──Assignment =
        │       │   ├──x
        │       │   └── |
        │       │       ├── |
        │       │       │   ├──int 5
        │       │       │   └──int 3
        │       │       └──int 1
        │       ├──Assignment =
        │       │   ├──b
        │       │   └── &&
        │       │       ├── &&
        │       │       │   ├──boolean true
        │       │       │   └──boolean false
        │       │       └──boolean true
        │       ├──Assignment =
        │       │   ├──b
        │       │   └── ||
        │       │       ├── ||
        │       │       │   ├──boolean true
        │       │       │   └──boolean false
        │       │       └──boolean true
        │       ├──Assignment =
        │       │   ├──x
        │       │   └── +
        │       │       ├──int 2
        │       │       └── *
        │       │           ├──int 3
        │       │           └──int 4
        │       ├──Assignment =
        │       │   ├──x
        │       │   └── +
        │       │       ├── *
        │       │       │   ├──int 2
        │       │       │   └──int 3
        │       │       └──int 4
        │       ├──Assignment =
        │       │   ├──x
        │       │   └── <<
        │       │       ├── +
        │       │       │   ├──int 2
        │       │       │   └──int 3
        │       │       └──int 1
        │       ├──Assignment =
        │       │   ├──x
        │       │   └── <<
        │       │       ├──int 2
        │       │       └── +
        │       │           ├──int 3
        │       │           └──int 1
        │       ├──Assignment =
        │       │   ├──b
        │       │   └── <
        │       │       ├── <<
        │       │       │   ├──int 8
        │       │       │   └──int 1
        │       │       └──int 20
        │       ├──Assignment =
        │       │   ├──b
        │       │   └── <
        │       │       ├──int 8
        │       │       └── <<
        │       │           ├──int 1
        │       │           └──int 4
        │       ├──Assignment =
        │       │   ├──b
        │       │   └── ==
        │       │       ├── <
        │       │       │   ├──int 5
        │       │       │   └──int 10
        │       │       └──boolean true
        │       ├──Assignment =
        │       │   ├──b
        │       │   └── &
        │       │       ├── ==
        │       │       │   ├──int 5
        │       │       │   └──int 5
        │       │       └──boolean true
        │       ├──Assignment =
        │       │   ├──b
        │       │   └── &
        │       │       ├──boolean false
        │       │       └── ==
        │       │           ├──int 5
        │       │           └──int 1
        │       ├──Assignment =
        │       │   ├──x
        │       │   └── ^
        │       │       ├── &
        │       │       │   ├──int 5
        │       │       │   └──int 3
        │       │       └──int 1
        │       ├──Assignment =
        │       │   ├──x
        │       │   └── ^
        │       │       ├──int 5
        │       │       └── &
        │       │           ├──int 3
        │       │           └──int 1
        │       ├──Assignment =
        │       │   ├──x
        │       │   └── |
        │       │       ├── ^
        │       │       │   ├──int 5
        │       │       │   └──int 3
        │       │       └──int 1
        │       ├──Assignment =
        │       │   ├──x
        │       │   └── |
        │       │       ├──int 5
        │       │       └── ^
        │       │           ├──int 3
        │       │           └──int 1
        │       ├──Assignment =
        │       │   ├──b
        │       │   └── &&
        │       │       ├── |
        │       │       │   ├──boolean true
        │       │       │   └──boolean false
        │       │       └──boolean true
        │       ├──Assignment =
        │       │   ├──b
        │       │   └── ||
        │       │       ├── &&
        │       │       │   ├──boolean true
        │       │       │   └──boolean false
        │       │       └──boolean true
        │       ├──Assignment =
        │       │   ├──b
        │       │   └── ||
        │       │       ├──boolean true
        │       │       └── &&
        │       │           ├──boolean false
        │       │           └──boolean true
        │       ├──Assignment =
        │       │   ├──x
        │       │   └── <<
        │       │       ├── +
        │       │       │   ├──int 2
        │       │       │   └── *
        │       │       │       ├──int 3
        │       │       │       └──int 4
        │       │       └──int 1
        │       ├──Assignment =
        │       │   ├──x
        │       │   └── <<
        │       │       ├──int 8
        │       │       └── +
        │       │           ├──int 2
        │       │           └── *
        │       │               ├──int 1
        │       │               └──int 3
        │       ├──Assignment =
        │       │   ├──b
        │       │   └── &&
        │       │       ├── <
        │       │       │   ├──int 5
        │       │       │   └──int 10
        │       │       └── >
        │       │           ├── +
        │       │           │   ├──int 3
        │       │           │   └──int 4
        │       │           └──int 6
        │       ├──Assignment =
        │       │   ├──b
        │       │   └── ||
        │       │       ├── ==
        │       │       │   ├──int 5
        │       │       │   └──int 5
        │       │       └── <
        │       │           ├── *
        │       │           │   ├──int 3
        │       │           │   └──int 2
        │       │           └──int 4
        │       ├──Assignment =
        │       │   ├──x
        │       │   └── *
        │       │       ├──UnaryMinus
        │       │       │   └──int 5
        │       │       └──int 3
        │       ├──Assignment =
        │       │   ├──x
        │       │   └── *
        │       │       ├──int 5
        │       │       └──UnaryMinus
        │       │           └──int 3
        │       ├──Assignment =
        │       │   ├──x
        │       │   └── +
        │       │       ├──UnaryMinus
        │       │       │   └──int 5
        │       │       └──UnaryMinus
        │       │           └──int 3
        │       ├──Assignment =
        │       │   ├──x
        │       │   └── +
        │       │       ├──int 5
        │       │       └── *
        │       │           ├──UnaryMinus
        │       │           │   └──int 3
        │       │           └──int 2
        │       ├──Assignment =
        │       │   ├──x
        │       │   └── *
        │       │       ├── +
        │       │       │   ├──int 2
        │       │       │   └──int 3
        │       │       └──int 4
        │       ├──Assignment =
        │       │   ├──x
        │       │   └── +
        │       │       ├──int 2
        │       │       └── *
        │       │           ├──int 3
        │       │           └──int 4
        │       ├──Assignment =
        │       │   ├──x
        │       │   └── +
        │       │       ├── <<
        │       │       │   ├──int 2
        │       │       │   └──int 3
        │       │       └──int 1
        │       └──Assignment =
        │           ├──x
        │           └── <<
        │               ├──int 2
        │               └── +
        │                   ├──int 3
        │                   └──int 1
        ├──Method conditional_expressions
        │   ├──Type
        │   │   └──void
        │   └──Block
        │       ├──VariableDeclaration
        │       │   ├──Type
        │       │   │   └──int
        │       │   └──x
        │       │       └──ConditionalExpression
        │       │           ├──boolean true
        │       │           ├──int 1
        │       │           └──int 2
        │       ├──VariableDeclaration
        │       │   ├──Type
        │       │   │   └──int
        │       │   └──a
        │       │       └──ConditionalExpression
        │       │           ├──boolean false
        │       │           ├──int 1
        │       │           └──int 2
        │       ├──VariableDeclaration
        │       │   ├──Type
        │       │   │   └──int
        │       │   └──b
        │       │       └──ConditionalExpression
        │       │           ├──boolean true
        │       │           ├──int 1
        │       │           └──ConditionalExpression
        │       │               ├──boolean false
        │       │               ├──int 2
        │       │               └──int 3
        │       ├──VariableDeclaration
        │       │   ├──Type
        │       │   │   └──int
        │       │   └──c
        │       │       └──ConditionalExpression
        │       │           ├──boolean true
        │       │           ├──ConditionalExpression
        │       │           │   ├──boolean false
        │       │           │   ├──int 1
        │       │           │   └──int 2
        │       │           └──int 3
        │       ├──VariableDeclaration
        │       │   ├──Type
        │       │   │   └──int
        │       │   └──d
        │       │       └──ConditionalExpression
        │       │           ├── <
        │       │           │   ├──int 1
        │       │           │   └──int 2
        │       │           ├──int 3
        │       │           └──int 4
        │       ├──VariableDeclaration
        │       │   ├──Type
        │       │   │   └──int
        │       │   └──e
        │       │       └──ConditionalExpression
        │       │           ├── &&
        │       │           │   ├──boolean true
        │       │           │   └──boolean false
        │       │           ├──int 1
        │       │           └──int 2
        │       ├──VariableDeclaration
        │       │   ├──Type
        │       │   │   └──int
        │       │   └──f
        │       │       └──ConditionalExpression
        │       │           ├── ||
        │       │           │   ├──boolean true
        │       │           │   └──boolean false
        │       │           ├──int 1
        │       │           └──int 2
        │       ├──VariableDeclaration
        │       │   ├──Type
        │       │   │   └──int
        │       │   └──g
        │       │       └──ConditionalExpression
        │       │           ├──boolean true
        │       │           ├──int 2
        │       │           └── +
        │       │               ├──int 3
        │       │               └──int 1
        │       ├──Assignment =
        │       │   ├──x
        │       │   └──ConditionalExpression
        │       │       ├── <
        │       │       │   ├──a
        │       │       │   └──b
        │       │       ├──c
        │       │       └── +
        │       │           ├──d
        │       │           └──e
        │       ├──Assignment =
        │       │   ├──x
        │       │   └──ConditionalExpression
        │       │       ├── <
        │       │       │   ├──a
        │       │       │   └──b
        │       │       ├── +
        │       │       │   ├──c
        │       │       │   └──d
        │       │       └──e
        │       ├──Assignment =
        │       │   ├──x
        │       │   └──ConditionalExpression
        │       │       ├── >
        │       │       │   ├── +
        │       │       │   │   ├──a
        │       │       │   │   └──b
        │       │       │   └──c
        │       │       ├── *
        │       │       │   ├──d
        │       │       │   └──e
        │       │       └── /
        │       │           ├──f
        │       │           └──g
        │       ├──Assignment =
        │       │   ├──x
        │       │   └──ConditionalExpression
        │       │       ├──boolean true
        │       │       ├── +
        │       │       │   ├──a
        │       │       │   └── *
        │       │       │       ├──b
        │       │       │       └──c
        │       │       └── <<
        │       │           ├──d
        │       │           └──e
        │       ├──VariableDeclaration
        │       │   ├──Type
        │       │   │   └──boolean
        │       │   ├──b1
        │       │   │   └──boolean false
        │       │   ├──b2
        │       │   │   └──boolean false
        │       │   └──b3
        │       │       └──boolean false
        │       ├──Assignment =
        │       │   ├──x
        │       │   └──ConditionalExpression
        │       │       ├──b1
        │       │       ├──b
        │       │       └──ConditionalExpression
        │       │           ├──b2
        │       │           ├──d
        │       │           └──ConditionalExpression
        │       │               ├──b3
        │       │               ├──f
        │       │               └──g
        │       ├──Assignment =
        │       │   ├──x
        │       │   └──ConditionalExpression
        │       │       ├──b1
        │       │       ├──ConditionalExpression
        │       │       │   ├──b2
        │       │       │   ├──c
        │       │       │   └──d
        │       │       └──ConditionalExpression
        │       │           ├──b3
        │       │           ├──f
        │       │           └──g
        │       ├──Assignment =
        │       │   ├──x
        │       │   └──ConditionalExpression
        │       │       ├── >
        │       │       │   ├──UnaryMinus
        │       │       │   │   └──int 1
        │       │       │   └──int 0
        │       │       ├──UnaryMinus
        │       │       │   └──int 2
        │       │       └──UnaryMinus
        │       │           └──int 3
        │       └──Assignment =
        │           ├──x
        │           └──ConditionalExpression
        │               ├──boolean true
        │               ├──UnaryMinus
        │               │   └──a
        │               └──UnaryMinus
        │                   └──b
        ├──Method thisExpressions
        │   ├──Type
        │   │   └──void
        │   └──Block
        │       ├──VariableDeclaration
        │       │   ├──Type
        │       │   │   └──int
        │       │   └──a
        │       │       └──MemberAccess
        │       │           ├──field: x
        │       │           └──target:
        │       │               └──this
        │       ├──Assignment =
        │       │   ├──MemberAccess
        │       │   │   ├──field: x
        │       │   │   └──target:
        │       │   │       └──this
        │       │   └──int 1
        │       └──MethodInvocation
        │           ├──Target
        │           │   └──this
        │           └──Name
        │               └──conditional_expressions
        ├──Method bareMethodCalls
        │   ├──Type
        │   │   └──void
        │   └──Block
        │       ├──VariableDeclaration
        │       │   ├──Type
        │       │   │   └──int
        │       │   └──a
        │       │       └──MethodInvocation
        │       │           └──Name
        │       │               └──hashCode
        │       └──MethodInvocation
        │           ├──Name
        │           │   └──equals
        │           └──Args
        │               └──MethodInvocation
        │                   └──Name
        │                       └──hashCode
        └──Method classLiterals
            ├──Type
            │   └──void
            └──Block
                ├──VariableDeclaration
                │   ├──Type
                │   │   └──Class
                │   └──c1
                │       └──ClassLiteral
                │           └──Type
                │               └──int
                ├──VariableDeclaration
                │   ├──Type
                │   │   └──Class
                │   └──c2
                │       └──ClassLiteral
                │           └──Type
                │               └──void
                ├──VariableDeclaration
                │   ├──Type
                │   │   └──Class
                │   └──c3
                │       └──ClassLiteral
                │           └──Type
                │               └──String
                ├──VariableDeclaration
                │   ├──Type
                │   │   └──Class
                │   └──c4
                │       └──ClassLiteral
                │           └──Type
                │               ├──java
                │               ├──lang
                │               └──String
                ├──VariableDeclaration
                │   ├──Type
                │   │   └──Class
                │   └──c5
                │       └──ClassLiteral
                │           └──Type
                │               └──ArrayType
                │                   └──Type
                │                       └──int
                └──VariableDeclaration
                    ├──Type
                    │   └──Class
                    └──c6
                        └──ClassLiteral
                            └──Type
                                └──ArrayType
                                    └──Type
                                        └──ArrayType
                                            └──Type
                                                └──String
