---
source: tests/snapshot/snapshot_test.rs
---
└──Compilation Unit
    └──Class WhileStatements []
        ├──Method test []
        │   ├──Void
        │   ├──Param Int a []
        │   ├──Param Int b []
        │   └──Block
        │       ├──WhileStatement
        │       │   ├──Condition
        │       │   │   └── >
        │       │   │       ├──a
        │       │   │       └──int 0
        │       │   └──Body
        │       │       └──PostDecrement
        │       │           └──a
        │       ├──WhileStatement
        │       │   ├──Condition
        │       │   │   └── >
        │       │   │       ├──a
        │       │   │       └──int 0
        │       │   └──Body
        │       │       └──BlockStatement
        │       │           ├──PostDecrement
        │       │           │   └──a
        │       │           └──PostIncrement
        │       │               └──b
        │       ├──WhileStatement
        │       │   ├──Condition
        │       │   │   └── >
        │       │   │       ├──a
        │       │   │       └──int 0
        │       │   └──Body
        │       │       └──WhileStatement
        │       │           ├──Condition
        │       │           │   └── >
        │       │           │       ├──b
        │       │           │       └──int 0
        │       │           └──Body
        │       │               └──PostDecrement
        │       │                   └──b
        │       ├──WhileStatement
        │       │   ├──Condition
        │       │   │   └── >
        │       │   │       ├──a
        │       │   │       └──int 0
        │       │   └──Body
        │       │       └──BlockStatement
        │       │           ├──WhileStatement
        │       │           │   ├──Condition
        │       │           │   │   └── >
        │       │           │   │       ├──b
        │       │           │   │       └──int 0
        │       │           │   └──Body
        │       │           │       └──BlockStatement
        │       │           │           └──PostDecrement
        │       │           │               └──b
        │       │           └──PostDecrement
        │       │               └──a
        │       ├──WhileStatement
        │       │   ├──Condition
        │       │   │   └── >
        │       │   │       ├──a
        │       │   │       └──int 0
        │       │   └──Body
        │       │       └──IfStatement
        │       │           ├──condition
        │       │           │   └── >
        │       │           │       ├──b
        │       │           │       └──int 0
        │       │           ├──if_true
        │       │           │   └──PostDecrement
        │       │           │       └──b
        │       │           └──if_false
        │       │               └──PostDecrement
        │       │                   └──a
        │       ├──IfStatement
        │       │   ├──condition
        │       │   │   └── >
        │       │   │       ├──a
        │       │   │       └──int 0
        │       │   └──if_true
        │       │       └──WhileStatement
        │       │           ├──Condition
        │       │           │   └── >
        │       │           │       ├──b
        │       │           │       └──int 0
        │       │           └──Body
        │       │               └──PostDecrement
        │       │                   └──b
        │       └──WhileStatement
        │           ├──Condition
        │           │   └── >
        │           │       ├──a
        │           │       └──int 0
        │           └──Body
        │               └──EmptyStatement
        └──Method danglingElse []
            ├──Void
            ├──Param Int a []
            ├──Param Int b []
            └──Block
                ├──IfStatement
                │   ├──condition
                │   │   └── >
                │   │       ├──a
                │   │       └──int 0
                │   └──if_true
                │       └──WhileStatement
                │           ├──Condition
                │           │   └── >
                │           │       ├──b
                │           │       └──int 0
                │           └──Body
                │               └──IfStatement
                │                   ├──condition
                │                   │   └── >
                │                   │       ├──a
                │                   │       └──b
                │                   ├──if_true
                │                   │   └──PostDecrement
                │                   │       └──a
                │                   └──if_false
                │                       └──PostDecrement
                │                           └──b
                ├──IfStatement
                │   ├──condition
                │   │   └── >
                │   │       ├──a
                │   │       └──int 0
                │   ├──if_true
                │   │   └──BlockStatement
                │   │       └──WhileStatement
                │   │           ├──Condition
                │   │           │   └── >
                │   │           │       ├──b
                │   │           │       └──int 0
                │   │           └──Body
                │   │               └──IfStatement
                │   │                   ├──condition
                │   │                   │   └── >
                │   │                   │       ├──a
                │   │                   │       └──b
                │   │                   └──if_true
                │   │                       └──PostDecrement
                │   │                           └──a
                │   └──if_false
                │       └──BlockStatement
                │           └──PostDecrement
                │               └──b
                └──IfStatement
                    ├──condition
                    │   └── >
                    │       ├──a
                    │       └──int 0
                    └──if_true
                        └──IfStatement
                            ├──condition
                            │   └── >
                            │       ├──b
                            │       └──int 0
                            ├──if_true
                            │   └──WhileStatement
                            │       ├──Condition
                            │       │   └── >
                            │       │       ├──a
                            │       │       └──b
                            │       └──Body
                            │           └──PostDecrement
                            │               └──a
                            └──if_false
                                └──PostDecrement
                                    └──b
