---
source: tests/snapshot/snapshot_test.rs
---
└──Compilation Unit
    └──Class Statements []
        └──Method assignment_statements->void []
            └──Block
                ├──Assignment =
                │   ├──a
                │   └──int 1
                ├──Assignment =
                │   ├──a
                │   └──b
                ├──Assignment =
                │   ├──a
                │   └── +
                │       ├──b
                │       └──c
                ├──Assignment =
                │   ├──a
                │   └── +
                │       ├──b
                │       └── *
                │           ├──c
                │           └──d
                ├──Assignment +=
                │   ├──a
                │   └──b
                ├──Assignment -=
                │   ├──a
                │   └──b
                ├──Assignment *=
                │   ├──a
                │   └──b
                ├──Assignment /=
                │   ├──a
                │   └──b
                ├──Assignment %=
                │   ├──a
                │   └──b
                ├──Assignment <<=
                │   ├──a
                │   └──b
                ├──Assignment >>=
                │   ├──a
                │   └──b
                ├──Assignment >>>=
                │   ├──a
                │   └──b
                ├──Assignment &=
                │   ├──a
                │   └──b
                ├──Assignment ^=
                │   ├──a
                │   └──b
                ├──Assignment |=
                │   ├──a
                │   └──b
                ├──Assignment +=
                │   ├──a
                │   └── +
                │       ├──b
                │       └── *
                │           ├──c
                │           └──d
                ├──Assignment <<=
                │   ├──a
                │   └── +
                │       ├──b
                │       └──int 1
                ├──Assignment =
                │   ├──a
                │   └──UnaryMinus
                │       └──b
                ├──Assignment +=
                │   ├──a
                │   └──UnaryMinus
                │       └──b
                ├──Assignment =
                │   ├──a
                │   └──PreIncrement
                │       └──b
                └──Assignment =
                    ├──a
                    └──PostIncrement
                        └──b
